D:/GithubProject/whsw-Task1-liuzhiheng/Task1-USB虚拟串口通信/core/Core/Src/main.c:79:5:main	16	static
D:/GithubProject/whsw-Task1-liuzhiheng/Task1-USB虚拟串口通信/core/Core/Src/main.c:146:6:SystemClock_Config	88	static
D:/GithubProject/whsw-Task1-liuzhiheng/Task1-USB虚拟串口通信/core/Core/Src/main.c:192:13:MX_TIM2_Init	32	static
D:/GithubProject/whsw-Task1-liuzhiheng/Task1-USB虚拟串口通信/core/Core/Src/main.c:237:13:MX_GPIO_Init	40	static
D:/GithubProject/whsw-Task1-liuzhiheng/Task1-USB虚拟串口通信/core/Core/Src/main.c:265:6:HAL_TIM_PeriodElapsedCallback	24	static
D:/GithubProject/whsw-Task1-liuzhiheng/Task1-USB虚拟串口通信/core/Core/Src/main.c:292:6:LED_On	8	static
D:/GithubProject/whsw-Task1-liuzhiheng/Task1-USB虚拟串口通信/core/Core/Src/main.c:298:6:LED_Off	8	static
D:/GithubProject/whsw-Task1-liuzhiheng/Task1-USB虚拟串口通信/core/Core/Src/main.c:304:6:LED_Twinkle	4	static
D:/GithubProject/whsw-Task1-liuzhiheng/Task1-USB虚拟串口通信/core/Core/Src/main.c:311:6:Send_JustFloat_Data	128	static
D:/GithubProject/whsw-Task1-liuzhiheng/Task1-USB虚拟串口通信/core/Core/Src/main.c:333:6:Process_Command	16	static
D:/GithubProject/whsw-Task1-liuzhiheng/Task1-USB虚拟串口通信/core/Core/Src/main.c:361:6:Error_Handler	4	static,ignoring_inline_asm
