D:/GithubProject/whsw-Task1-liuzhiheng/Task1-USB虚拟串口通信/core/Core/Src/main.c:67:5:main	8	static
D:/GithubProject/whsw-Task1-liuzhiheng/Task1-USB虚拟串口通信/core/Core/Src/main.c:113:6:SystemClock_Config	88	static
D:/GithubProject/whsw-Task1-liuzhiheng/Task1-USB虚拟串口通信/core/Core/Src/main.c:159:13:MX_TIM2_Init	32	static
D:/GithubProject/whsw-Task1-liuzhiheng/Task1-USB虚拟串口通信/core/Core/Src/main.c:204:13:MX_GPIO_Init	40	static
D:/GithubProject/whsw-Task1-liuzhiheng/Task1-USB虚拟串口通信/core/Core/Src/main.c:239:6:Error_Handler	4	static,ignoring_inline_asm
