Archive member included to satisfy reference by file (symbol)

C:/Users/Administrator/AppData/Local/stm32cube/bundles/gnu-tools-for-stm32/14.3.1+st.2/bin/../lib/gcc/arm-none-eabi/14.3.1/../../../../arm-none-eabi/lib/thumb/v7e-m+fp/hard\libm.a(libm_a-s_sin.o)
                              CMakeFiles/STM32f407vet6.dir/Core/Src/main.c.obj (sin)
C:/Users/Administrator/AppData/Local/stm32cube/bundles/gnu-tools-for-stm32/14.3.1+st.2/bin/../lib/gcc/arm-none-eabi/14.3.1/../../../../arm-none-eabi/lib/thumb/v7e-m+fp/hard\libm.a(libm_a-k_cos.o)
                              C:/Users/Administrator/AppData/Local/stm32cube/bundles/gnu-tools-for-stm32/14.3.1+st.2/bin/../lib/gcc/arm-none-eabi/14.3.1/../../../../arm-none-eabi/lib/thumb/v7e-m+fp/hard\libm.a(libm_a-s_sin.o) (__kernel_cos)
C:/Users/Administrator/AppData/Local/stm32cube/bundles/gnu-tools-for-stm32/14.3.1+st.2/bin/../lib/gcc/arm-none-eabi/14.3.1/../../../../arm-none-eabi/lib/thumb/v7e-m+fp/hard\libm.a(libm_a-k_sin.o)
                              C:/Users/Administrator/AppData/Local/stm32cube/bundles/gnu-tools-for-stm32/14.3.1+st.2/bin/../lib/gcc/arm-none-eabi/14.3.1/../../../../arm-none-eabi/lib/thumb/v7e-m+fp/hard\libm.a(libm_a-s_sin.o) (__kernel_sin)
C:/Users/Administrator/AppData/Local/stm32cube/bundles/gnu-tools-for-stm32/14.3.1+st.2/bin/../lib/gcc/arm-none-eabi/14.3.1/../../../../arm-none-eabi/lib/thumb/v7e-m+fp/hard\libm.a(libm_a-e_rem_pio2.o)
                              C:/Users/Administrator/AppData/Local/stm32cube/bundles/gnu-tools-for-stm32/14.3.1+st.2/bin/../lib/gcc/arm-none-eabi/14.3.1/../../../../arm-none-eabi/lib/thumb/v7e-m+fp/hard\libm.a(libm_a-s_sin.o) (__ieee754_rem_pio2)
C:/Users/Administrator/AppData/Local/stm32cube/bundles/gnu-tools-for-stm32/14.3.1+st.2/bin/../lib/gcc/arm-none-eabi/14.3.1/../../../../arm-none-eabi/lib/thumb/v7e-m+fp/hard\libm.a(libm_a-s_fabs.o)
                              C:/Users/Administrator/AppData/Local/stm32cube/bundles/gnu-tools-for-stm32/14.3.1+st.2/bin/../lib/gcc/arm-none-eabi/14.3.1/../../../../arm-none-eabi/lib/thumb/v7e-m+fp/hard\libm.a(libm_a-e_rem_pio2.o) (fabs)
C:/Users/Administrator/AppData/Local/stm32cube/bundles/gnu-tools-for-stm32/14.3.1+st.2/bin/../lib/gcc/arm-none-eabi/14.3.1/../../../../arm-none-eabi/lib/thumb/v7e-m+fp/hard\libm.a(libm_a-k_rem_pio2.o)
                              C:/Users/Administrator/AppData/Local/stm32cube/bundles/gnu-tools-for-stm32/14.3.1+st.2/bin/../lib/gcc/arm-none-eabi/14.3.1/../../../../arm-none-eabi/lib/thumb/v7e-m+fp/hard\libm.a(libm_a-e_rem_pio2.o) (__kernel_rem_pio2)
C:/Users/Administrator/AppData/Local/stm32cube/bundles/gnu-tools-for-stm32/14.3.1+st.2/bin/../lib/gcc/arm-none-eabi/14.3.1/../../../../arm-none-eabi/lib/thumb/v7e-m+fp/hard\libm.a(libm_a-s_scalbn.o)
                              C:/Users/Administrator/AppData/Local/stm32cube/bundles/gnu-tools-for-stm32/14.3.1+st.2/bin/../lib/gcc/arm-none-eabi/14.3.1/../../../../arm-none-eabi/lib/thumb/v7e-m+fp/hard\libm.a(libm_a-k_rem_pio2.o) (scalbn)
C:/Users/Administrator/AppData/Local/stm32cube/bundles/gnu-tools-for-stm32/14.3.1+st.2/bin/../lib/gcc/arm-none-eabi/14.3.1/../../../../arm-none-eabi/lib/thumb/v7e-m+fp/hard\libm.a(libm_a-s_floor.o)
                              C:/Users/Administrator/AppData/Local/stm32cube/bundles/gnu-tools-for-stm32/14.3.1+st.2/bin/../lib/gcc/arm-none-eabi/14.3.1/../../../../arm-none-eabi/lib/thumb/v7e-m+fp/hard\libm.a(libm_a-k_rem_pio2.o) (floor)
C:/Users/Administrator/AppData/Local/stm32cube/bundles/gnu-tools-for-stm32/14.3.1+st.2/bin/../lib/gcc/arm-none-eabi/14.3.1/thumb/v7e-m+fp/hard\libgcc.a(_arm_muldf3.o)
                              C:/Users/Administrator/AppData/Local/stm32cube/bundles/gnu-tools-for-stm32/14.3.1+st.2/bin/../lib/gcc/arm-none-eabi/14.3.1/../../../../arm-none-eabi/lib/thumb/v7e-m+fp/hard\libm.a(libm_a-k_cos.o) (__aeabi_dmul)
C:/Users/Administrator/AppData/Local/stm32cube/bundles/gnu-tools-for-stm32/14.3.1+st.2/bin/../lib/gcc/arm-none-eabi/14.3.1/thumb/v7e-m+fp/hard\libgcc.a(_arm_addsubdf3.o)
                              C:/Users/Administrator/AppData/Local/stm32cube/bundles/gnu-tools-for-stm32/14.3.1+st.2/bin/../lib/gcc/arm-none-eabi/14.3.1/../../../../arm-none-eabi/lib/thumb/v7e-m+fp/hard\libm.a(libm_a-s_sin.o) (__aeabi_dsub)
C:/Users/Administrator/AppData/Local/stm32cube/bundles/gnu-tools-for-stm32/14.3.1+st.2/bin/../lib/gcc/arm-none-eabi/14.3.1/thumb/v7e-m+fp/hard\libgcc.a(_arm_cmpdf2.o)
                              C:/Users/Administrator/AppData/Local/stm32cube/bundles/gnu-tools-for-stm32/14.3.1+st.2/bin/../lib/gcc/arm-none-eabi/14.3.1/../../../../arm-none-eabi/lib/thumb/v7e-m+fp/hard\libm.a(libm_a-e_rem_pio2.o) (__aeabi_dcmpeq)
C:/Users/Administrator/AppData/Local/stm32cube/bundles/gnu-tools-for-stm32/14.3.1+st.2/bin/../lib/gcc/arm-none-eabi/14.3.1/thumb/v7e-m+fp/hard\libgcc.a(_arm_fixdfsi.o)
[...]
Memory Configuration

Name             Origin             Length             Attributes
RAM              0x20000000         0x00020000         xrw
CCMRAM           0x10000000         0x00010000         xrw
FLASH            0x08000000         0x00080000         xr
*default*        0x00000000         0xffffffff

Linker script and memory map

LOAD C:/Users/Administrator/AppData/Local/stm32cube/bundles/gnu-tools-for-stm32/14.3.1+st.2/bin/../lib/gcc/arm-none-eabi/14.3.1/thumb/v7e-m+fp/hard/crti.o
LOAD C:/Users/Administrator/AppData/Local/stm32cube/bundles/gnu-tools-for-stm32/14.3.1+st.2/bin/../lib/gcc/arm-none-eabi/14.3.1/thumb/v7e-m+fp/hard/crtbegin.o
LOAD C:/Users/Administrator/AppData/Local/stm32cube/bundles/gnu-tools-for-stm32/14.3.1+st.2/bin/../lib/gcc/arm-none-eabi/14.3.1/../../../../arm-none-eabi/lib/thumb/v7e-m+fp/hard/crt0.o
LOAD cmake/stm32cubemx/CMakeFiles/STM32_Drivers.dir/__/__/Core/Src/system_stm32f4xx.c.obj
LOAD cmake/stm32cubemx/CMakeFiles/STM32_Drivers.dir/__/__/Drivers/STM32F4xx_HAL_Driver/Src/stm32f4xx_hal_pcd.c.obj
LOAD cmake/stm32cubemx/CMakeFiles/STM32_Drivers.dir/__/__/Drivers/STM32F4xx_HAL_Driver/Src/stm32f4xx_hal_pcd_ex.c.obj
LOAD cmake/stm32cubemx/CMakeFiles/STM32_Drivers.dir/__/__/Drivers/STM32F4xx_HAL_Driver/Src/stm32f4xx_ll_usb.c.obj
LOAD cmake/stm32cubemx/CMakeFiles/STM32_Drivers.dir/__/__/Drivers/STM32F4xx_HAL_Driver/Src/stm32f4xx_hal_rcc.c.obj
LOAD cmake/stm32cubemx/CMakeFiles/STM32_Drivers.dir/__/__/Drivers/STM32F4xx_HAL_Driver/Src/stm32f4xx_hal_rcc_ex.c.obj
LOAD cmake/stm32cubemx/CMakeFiles/STM32_Drivers.dir/__/__/Drivers/STM32F4xx_HAL_Driver/Src/stm32f4xx_hal_flash.c.obj
LOAD cmake/stm32cubemx/CMakeFiles/STM32_Drivers.dir/__/__/Drivers/STM32F4xx_HAL_Driver/Src/stm32f4xx_hal_flash_ex.c.obj
LOAD cmake/stm32cubemx/CMakeFiles/STM32_Drivers.dir/__/__/Drivers/STM32F4xx_HAL_Driver/Src/stm32f4xx_hal_flash_ramfunc.c.obj
LOAD cmake/stm32cubemx/CMakeFiles/STM32_Drivers.dir/__/__/Drivers/STM32F4xx_HAL_Driver/Src/stm32f4xx_hal_gpio.c.obj
LOAD cmake/stm32cubemx/CMakeFiles/STM32_Drivers.dir/__/__/Drivers/STM32F4xx_HAL_Driver/Src/stm32f4xx_hal_dma_ex.c.obj
LOAD cmake/stm32cubemx/CMakeFiles/STM32_Drivers.dir/__/__/Drivers/STM32F4xx_HAL_Driver/Src/stm32f4xx_hal_dma.c.obj
LOAD cmake/stm32cubemx/CMakeFiles/STM32_Drivers.dir/__/__/Drivers/STM32F4xx_HAL_Driver/Src/stm32f4xx_hal_pwr.c.obj
LOAD cmake/stm32cubemx/CMakeFiles/STM32_Drivers.dir/__/__/Drivers/STM32F4xx_HAL_Driver/Src/stm32f4xx_hal_pwr_ex.c.obj
LOAD cmake/stm32cubemx/CMakeFiles/STM32_Drivers.dir/__/__/Drivers/STM32F4xx_HAL_Driver/Src/stm32f4xx_hal_cortex.c.obj
LOAD cmake/stm32cubemx/CMakeFiles/STM32_Drivers.dir/__/__/Drivers/STM32F4xx_HAL_Driver/Src/stm32f4xx_hal.c.obj
LOAD cmake/stm32cubemx/CMakeFiles/STM32_Drivers.dir/__/__/Drivers/STM32F4xx_HAL_Driver/Src/stm32f4xx_hal_exti.c.obj
LOAD cmake/stm32cubemx/CMakeFiles/STM32_Drivers.dir/__/__/Drivers/STM32F4xx_HAL_Driver/Src/stm32f4xx_hal_tim.c.obj
LOAD cmake/stm32cubemx/CMakeFiles/STM32_Drivers.dir/__/__/Drivers/STM32F4xx_HAL_Driver/Src/stm32f4xx_hal_tim_ex.c.obj
LOAD cmake/stm32cubemx/CMakeFiles/USB_Device_Library.dir/__/__/Middlewares/ST/STM32_USB_Device_Library/Core/Src/usbd_core.c.obj
LOAD cmake/stm32cubemx/CMakeFiles/USB_Device_Library.dir/__/__/Middlewares/ST/STM32_USB_Device_Library/Core/Src/usbd_ctlreq.c.obj
LOAD cmake/stm32cubemx/CMakeFiles/USB_Device_Library.dir/__/__/Middlewares/ST/STM32_USB_Device_Library/Core/Src/usbd_ioreq.c.obj
LOAD cmake/stm32cubemx/CMakeFiles/USB_Device_Library.dir/__/__/Middlewares/ST/STM32_USB_Device_Library/Class/CDC/Src/usbd_cdc.c.obj
LOAD CMakeFiles/STM32f407vet6.dir/USB_DEVICE/Target/usbd_conf.c.obj
LOAD CMakeFiles/STM32f407vet6.dir/USB_DEVICE/App/usb_device.c.obj
LOAD CMakeFiles/STM32f407vet6.dir/USB_DEVICE/App/usbd_desc.c.obj
LOAD CMakeFiles/STM32f407vet6.dir/USB_DEVICE/App/usbd_cdc_if.c.obj
LOAD CMakeFiles/STM32f407vet6.dir/Core/Src/main.c.obj
LOAD CMakeFiles/STM32f407vet6.dir/Core/Src/stm32f4xx_it.c.obj
LOAD CMakeFiles/STM32f407vet6.dir/Core/Src/stm32f4xx_hal_msp.c.obj
LOAD CMakeFiles/STM32f407vet6.dir/Core/Src/sysmem.c.obj
LOAD CMakeFiles/STM32f407vet6.dir/Core/Src/syscalls.c.obj
LOAD CMakeFiles/STM32f407vet6.dir/startup_stm32f407xx.s.obj
LOAD C:/Users/Administrator/AppData/Local/stm32cube/bundles/gnu-tools-for-stm32/14.3.1+st.2/bin/../lib/gcc/arm-none-eabi/14.3.1/../../../../arm-none-eabi/lib/thumb/v7e-m+fp/hard\libm.a
START GROUP
LOAD C:/Users/Administrator/AppData/Local/stm32cube/bundles/gnu-tools-for-stm32/14.3.1+st.2/bin/../lib/gcc/arm-none-eabi/14.3.1/thumb/v7e-m+fp/hard\libgcc.a
LOAD C:/Users/Administrator/AppData/Local/stm32cube/bundles/gnu-tools-for-stm32/14.3.1+st.2/bin/../lib/gcc/arm-none-eabi/14.3.1/../../../../arm-none-eabi/lib/thumb/v7e-m+fp/hard\libg_nano.a
LOAD C:/Users/Administrator/AppData/Local/stm32cube/bundles/gnu-tools-for-stm32/14.3.1+st.2/bin/../lib/gcc/arm-none-eabi/14.3.1/../../../../arm-none-eabi/lib/thumb/v7e-m+fp/hard\libc_nano.a
END GROUP
START GROUP
LOAD C:/Users/Administrator/AppData/Local/stm32cube/bundles/gnu-tools-for-stm32/14.3.1+st.2/bin/../lib/gcc/arm-none-eabi/14.3.1/thumb/v7e-m+fp/hard\libgcc.a
LOAD C:/Users/Administrator/AppData/Local/stm32cube/bundles/gnu-tools-for-stm32/14.3.1+st.2/bin/../lib/gcc/arm-none-eabi/14.3.1/../../../../arm-none-eabi/lib/thumb/v7e-m+fp/hard\libc_nano.a
END GROUP
LOAD C:/Users/Administrator/AppData/Local/stm32cube/bundles/gnu-tools-for-stm32/14.3.1+st.2/bin/../lib/gcc/arm-none-eabi/14.3.1/thumb/v7e-m+fp/hard/crtend.o
LOAD C:/Users/Administrator/AppData/Local/stm32cube/bundles/gnu-tools-for-stm32/14.3.1+st.2/bin/../lib/gcc/arm-none-eabi/14.3.1/thumb/v7e-m+fp/hard/crtn.o
                0x20020000                        _estack = (ORIGIN (RAM) + LENGTH (RAM))
                0x2001fc00                        _sstack = (_estack - _Min_Stack_Size)
                0x00000200                        _Min_Heap_Size = 0x200
                0x00000400                        _Min_Stack_Size = 0x400

.isr_vector     0x08000000      0x188
                0x08000000                        . = ALIGN (0x4)
 *(.isr_vector)
 .isr_vector    0x08000000      0x188 CMakeFiles/STM32f407vet6.dir/startup_stm32f407xx.s.obj
                0x08000000                g_pfnVectors
                0x08000188                        . = ALIGN (0x4)

.text           0x08000190     0x9fcc
                0x08000190                        . = ALIGN (0x4)
 *(.text)
 .text          0x08000190       0x40 C:/Users/Administrator/AppData/Local/stm32cube/bundles/gnu-tools-for-stm32/14.3.1+st.2/bin/../lib/gcc/arm-none-eabi/14.3.1/thumb/v7e-m+fp/hard/crtbegin.o
 .text          0x080001d0      0x254 C:/Users/Administrator/AppData/Local/stm32cube/bundles/gnu-tools-for-stm32/14.3.1+st.2/bin/../lib/gcc/arm-none-eabi/14.3.1/thumb/v7e-m+fp/hard\libgcc.a(_arm_muldf3.o)
                0x080001d0                __muldf3
                0x080001d0                __aeabi_dmul
 .text          0x08000424      0x378 C:/Users/Administrator/AppData/Local/stm32cube/bundles/gnu-tools-for-stm32/14.3.1+st.2/bin/../lib/gcc/arm-none-eabi/14.3.1/thumb/v7e-m+fp/hard\libgcc.a(_arm_addsubdf3.o)
                0x08000424                __aeabi_drsub
                0x0800042c                __aeabi_dsub
                0x0800042c                __subdf3
                0x08000430                __aeabi_dadd
                0x08000430                __adddf3
                0x080006a8                __floatunsidf
                0x080006a8                __aeabi_ui2d
                0x080006c8                __floatsidf
                0x080006c8                __aeabi_i2d
                0x080006ec                __aeabi_f2d
                0x080006ec                __extendsfdf2
                0x08000730                __floatundidf
                0x08000730                __aeabi_ul2d
                0x08000740                __floatdidf
                0x08000740                __aeabi_l2d
 .text          0x0800079c      0x110 C:/Users/Administrator/AppData/Local/stm32cube/bundles/gnu-tools-for-stm32/14.3.1+st.2/bin/../lib/gcc/arm-none-eabi/14.3.1/thumb/v7e-m+fp/hard\libgcc.a(_arm_cmpdf2.o)
                0x0800079c                __gtdf2
                0x0800079c                __gedf2
                0x080007a4                __ltdf2
                0x080007a4                __ledf2
                0x080007ac                __nedf2
                0x080007ac                __eqdf2
                0x080007ac                __cmpdf2
                0x08000828                __aeabi_cdrcmple
                0x08000838                __aeabi_cdcmpeq
                0x08000838                __aeabi_cdcmple
                0x08000848                __aeabi_dcmpeq
                0x0800085c                __aeabi_dcmplt
                0x08000870                __aeabi_dcmple
                0x08000884                __aeabi_dcmpge
                0x08000898                __aeabi_dcmpgt
 .text          0x080008ac       0x50 C:/Users/Administrator/AppData/Local/stm32cube/bundles/gnu-tools-for-stm32/14.3.1+st.2/bin/../lib/gcc/arm-none-eabi/14.3.1/thumb/v7e-m+fp/hard\libgcc.a(_arm_fixdfsi.o)
                0x080008ac                __aeabi_d2iz
                0x080008ac                __fixdfsi
 .text          0x080008fc       0xa0 C:/Users/Administrator/AppData/Local/stm32cube/bundles/gnu-tools-for-stm32/14.3.1+st.2/bin/../lib/gcc/arm-none-eabi/14.3.1/thumb/v7e-m+fp/hard\libgcc.a(_arm_truncdfsf2.o)
                0x080008fc                __truncdfsf2
                0x080008fc                __aeabi_d2f
 .text          0x0800099c       0x30 C:/Users/Administrator/AppData/Local/stm32cube/bundles/gnu-tools-for-stm32/14.3.1+st.2/bin/../lib/gcc/arm-none-eabi/14.3.1/thumb/v7e-m+fp/hard\libgcc.a(_aeabi_uldivmod.o)
                0x0800099c                __aeabi_uldivmod
 .text          0x080009cc      0x2f8 C:/Users/Administrator/AppData/Local/stm32cube/bundles/gnu-tools-for-stm32/14.3.1+st.2/bin/../lib/gcc/arm-none-eabi/14.3.1/thumb/v7e-m+fp/hard\libgcc.a(_udivmoddi4.o)
                0x080009cc                __udivmoddi4
 .text          0x08000cc4        0x4 C:/Users/Administrator/AppData/Local/stm32cube/bundles/gnu-tools-for-stm32/14.3.1+st.2/bin/../lib/gcc/arm-none-eabi/14.3.1/thumb/v7e-m+fp/hard\libgcc.a(_dvmd_tls.o)
                0x08000cc4                __aeabi_idiv0
                0x08000cc4                __aeabi_ldiv0
 .text          0x08000cc8       0x14 C:/Users/Administrator/AppData/Local/stm32cube/bundles/gnu-tools-for-stm32/14.3.1+st.2/bin/../lib/gcc/arm-none-eabi/14.3.1/../../../../arm-none-eabi/lib/thumb/v7e-m+fp/hard\libg_nano.a(libc_a-strcmp.o)
                0x08000cc8                strcmp
 *fill*         0x08000cdc        0x4 
 .text          0x08000ce0       0xa0 C:/Users/Administrator/AppData/Local/stm32cube/bundles/gnu-tools-for-stm32/14.3.1+st.2/bin/../lib/gcc/arm-none-eabi/14.3.1/../../../../arm-none-eabi/lib/thumb/v7e-m+fp/hard\libg_nano.a(libc_a-memchr.o)
                0x08000ce0                memchr
 *(.text*)
 .text.SystemInit
                0x08000d80       0x24 cmake/stm32cubemx/CMakeFiles/STM32_Drivers.dir/__/__/Core/Src/system_stm32f4xx.c.obj
                0x08000d80                SystemInit
 .text.HAL_PCD_Init
                0x08000da4      0x21e cmake/stm32cubemx/CMakeFiles/STM32_Drivers.dir/__/__/Drivers/STM32F4xx_HAL_Driver/Src/stm32f4xx_hal_pcd.c.obj
                0x08000da4                HAL_PCD_Init
 .text.HAL_PCD_Start
                0x08000fc2       0x6a cmake/stm32cubemx/CMakeFiles/STM32_Drivers.dir/__/__/Drivers/STM32F4xx_HAL_Driver/Src/stm32f4xx_hal_pcd.c.obj
                0x08000fc2                HAL_PCD_Start
 .text.HAL_PCD_IRQHandler
                0x0800102c      0x942 cmake/stm32cubemx/CMakeFiles/STM32_Drivers.dir/__/__/Drivers/STM32F4xx_HAL_Driver/Src/stm32f4xx_hal_pcd.c.obj
                0x0800102c                HAL_PCD_IRQHandler
 .text.HAL_PCD_SetAddress
                0x0800196e       0x48 cmake/stm32cubemx/CMakeFiles/STM32_Drivers.dir/__/__/Drivers/STM32F4xx_HAL_Driver/Src/stm32f4xx_hal_pcd.c.obj
                0x0800196e                HAL_PCD_SetAddress
 .text.HAL_PCD_EP_Open
                0x080019b6       0xd4 cmake/stm32cubemx/CMakeFiles/STM32_Drivers.dir/__/__/Drivers/STM32F4xx_HAL_Driver/Src/stm32f4xx_hal_pcd.c.obj
                0x080019b6                HAL_PCD_EP_Open
 .text.HAL_PCD_EP_Close
                0x08001a8a       0x94 cmake/stm32cubemx/CMakeFiles/STM32_Drivers.dir/__/__/Drivers/STM32F4xx_HAL_Driver/Src/stm32f4xx_hal_pcd.c.obj
                0x08001a8a                HAL_PCD_EP_Close
 .text.HAL_PCD_EP_Receive
                0x08001b1e       0x76 cmake/stm32cubemx/CMakeFiles/STM32_Drivers.dir/__/__/Drivers/STM32F4xx_HAL_Driver/Src/stm32f4xx_hal_pcd.c.obj
                0x08001b1e                HAL_PCD_EP_Receive
 .text.HAL_PCD_EP_GetRxCount
                0x08001b94       0x30 cmake/stm32cubemx/CMakeFiles/STM32_Drivers.dir/__/__/Drivers/STM32F4xx_HAL_Driver/Src/stm32f4xx_hal_pcd.c.obj
                0x08001b94                HAL_PCD_EP_GetRxCount
 .text.HAL_PCD_EP_Transmit
                0x08001bc4       0x74 cmake/stm32cubemx/CMakeFiles/STM32_Drivers.dir/__/__/Drivers/STM32F4xx_HAL_Driver/Src/stm32f4xx_hal_pcd.c.obj
                0x08001bc4                HAL_PCD_EP_Transmit
 .text.HAL_PCD_EP_SetStall
                0x08001c38       0xc6 cmake/stm32cubemx/CMakeFiles/STM32_Drivers.dir/__/__/Drivers/STM32F4xx_HAL_Driver/Src/stm32f4xx_hal_pcd.c.obj
                0x08001c38                HAL_PCD_EP_SetStall
 .text.HAL_PCD_EP_ClrStall
                0x08001cfe       0xac cmake/stm32cubemx/CMakeFiles/STM32_Drivers.dir/__/__/Drivers/STM32F4xx_HAL_Driver/Src/stm32f4xx_hal_pcd.c.obj
                0x08001cfe                HAL_PCD_EP_ClrStall
 .text.HAL_PCD_EP_Abort
                0x08001daa       0x62 cmake/stm32cubemx/CMakeFiles/STM32_Drivers.dir/__/__/Drivers/STM32F4xx_HAL_Driver/Src/stm32f4xx_hal_pcd.c.obj
                0x08001daa                HAL_PCD_EP_Abort
 .text.PCD_WriteEmptyTxFifo
                0x08001e0c      0x118 cmake/stm32cubemx/CMakeFiles/STM32_Drivers.dir/__/__/Drivers/STM32F4xx_HAL_Driver/Src/stm32f4xx_hal_pcd.c.obj
 .text.PCD_EP_OutXfrComplete_int
                0x08001f24      0x1d0 cmake/stm32cubemx/CMakeFiles/STM32_Drivers.dir/__/__/Drivers/STM32F4xx_HAL_Driver/Src/stm32f4xx_hal_pcd.c.obj
 .text.PCD_EP_OutSetupPacket_int
                0x080020f4       0x8c cmake/stm32cubemx/CMakeFiles/STM32_Drivers.dir/__/__/Drivers/STM32F4xx_HAL_Driver/Src/stm32f4xx_hal_pcd.c.obj
 .text.HAL_PCDEx_SetTxFiFo
                0x08002180       0x8e cmake/stm32cubemx/CMakeFiles/STM32_Drivers.dir/__/__/Drivers/STM32F4xx_HAL_Driver/Src/stm32f4xx_hal_pcd_ex.c.obj
                0x08002180                HAL_PCDEx_SetTxFiFo
 .text.HAL_PCDEx_SetRxFiFo
                0x0800220e       0x22 cmake/stm32cubemx/CMakeFiles/STM32_Drivers.dir/__/__/Drivers/STM32F4xx_HAL_Driver/Src/stm32f4xx_hal_pcd_ex.c.obj
                0x0800220e                HAL_PCDEx_SetRxFiFo
 .text.HAL_PCDEx_LPM_Callback
                0x08002230       0x18 cmake/stm32cubemx/CMakeFiles/STM32_Drivers.dir/__/__/Drivers/STM32F4xx_HAL_Driver/Src/stm32f4xx_hal_pcd_ex.c.obj
                0x08002230                HAL_PCDEx_LPM_Callback
 .text.USB_CoreInit
                0x08002248       0xc8 cmake/stm32cubemx/CMakeFiles/STM32_Drivers.dir/__/__/Drivers/STM32F4xx_HAL_Driver/Src/stm32f4xx_ll_usb.c.obj
                0x08002248                USB_CoreInit
 .text.USB_SetTurnaroundTime
                0x08002310      0x144 cmake/stm32cubemx/CMakeFiles/STM32_Drivers.dir/__/__/Drivers/STM32F4xx_HAL_Driver/Src/stm32f4xx_ll_usb.c.obj
                0x08002310                USB_SetTurnaroundTime
 .text.USB_EnableGlobalInt
                0x08002454       0x22 cmake/stm32cubemx/CMakeFiles/STM32_Drivers.dir/__/__/Drivers/STM32F4xx_HAL_Driver/Src/stm32f4xx_ll_usb.c.obj
                0x08002454                USB_EnableGlobalInt
 .text.USB_DisableGlobalInt
                0x08002476       0x22 cmake/stm32cubemx/CMakeFiles/STM32_Drivers.dir/__/__/Drivers/STM32F4xx_HAL_Driver/Src/stm32f4xx_ll_usb.c.obj
                0x08002476                USB_DisableGlobalInt
 .text.USB_SetCurrentMode
                0x08002498       0x98 cmake/stm32cubemx/CMakeFiles/STM32_Drivers.dir/__/__/Drivers/STM32F4xx_HAL_Driver/Src/stm32f4xx_ll_usb.c.obj
                0x08002498                USB_SetCurrentMode
 .text.USB_DevInit
                0x08002530      0x2c8 cmake/stm32cubemx/CMakeFiles/STM32_Drivers.dir/__/__/Drivers/STM32F4xx_HAL_Driver/Src/stm32f4xx_ll_usb.c.obj
                0x08002530                USB_DevInit
 .text.USB_FlushTxFifo
                0x080027f8       0x64 cmake/stm32cubemx/CMakeFiles/STM32_Drivers.dir/__/__/Drivers/STM32F4xx_HAL_Driver/Src/stm32f4xx_ll_usb.c.obj
                0x080027f8                USB_FlushTxFifo
 .text.USB_FlushRxFifo
                0x0800285c       0x5c cmake/stm32cubemx/CMakeFiles/STM32_Drivers.dir/__/__/Drivers/STM32F4xx_HAL_Driver/Src/stm32f4xx_ll_usb.c.obj
                0x0800285c                USB_FlushRxFifo
 .text.USB_SetDevSpeed
                0x080028b8       0x32 cmake/stm32cubemx/CMakeFiles/STM32_Drivers.dir/__/__/Drivers/STM32F4xx_HAL_Driver/Src/stm32f4xx_ll_usb.c.obj
                0x080028b8                USB_SetDevSpeed
 .text.USB_GetDevSpeed
                0x080028ea       0x4a cmake/stm32cubemx/CMakeFiles/STM32_Drivers.dir/__/__/Drivers/STM32F4xx_HAL_Driver/Src/stm32f4xx_ll_usb.c.obj
                0x080028ea                USB_GetDevSpeed
 .text.USB_ActivateEndpoint
                0x08002934      0x10e cmake/stm32cubemx/CMakeFiles/STM32_Drivers.dir/__/__/Drivers/STM32F4xx_HAL_Driver/Src/stm32f4xx_ll_usb.c.obj
                0x08002934                USB_ActivateEndpoint
 *fill*         0x08002a42        0x2 
 .text.USB_DeactivateEndpoint
                0x08002a44      0x1b8 cmake/stm32cubemx/CMakeFiles/STM32_Drivers.dir/__/__/Drivers/STM32F4xx_HAL_Driver/Src/stm32f4xx_ll_usb.c.obj
                0x08002a44                USB_DeactivateEndpoint
 .text.USB_EPStartXfer
                0x08002bfc      0x53c cmake/stm32cubemx/CMakeFiles/STM32_Drivers.dir/__/__/Drivers/STM32F4xx_HAL_Driver/Src/stm32f4xx_ll_usb.c.obj
                0x08002bfc                USB_EPStartXfer
 .text.USB_EPStopXfer
                0x08003138      0x154 cmake/stm32cubemx/CMakeFiles/STM32_Drivers.dir/__/__/Drivers/STM32F4xx_HAL_Driver/Src/stm32f4xx_ll_usb.c.obj
                0x08003138                USB_EPStopXfer
 .text.USB_WritePacket
                0x0800328c       0x7c cmake/stm32cubemx/CMakeFiles/STM32_Drivers.dir/__/__/Drivers/STM32F4xx_HAL_Driver/Src/stm32f4xx_ll_usb.c.obj
                0x0800328c                USB_WritePacket
 .text.USB_ReadPacket
                0x08003308       0xb0 cmake/stm32cubemx/CMakeFiles/STM32_Drivers.dir/__/__/Drivers/STM32F4xx_HAL_Driver/Src/stm32f4xx_ll_usb.c.obj
                0x08003308                USB_ReadPacket
 .text.USB_EPSetStall
                0x080033b8       0xdc cmake/stm32cubemx/CMakeFiles/STM32_Drivers.dir/__/__/Drivers/STM32F4xx_HAL_Driver/Src/stm32f4xx_ll_usb.c.obj
                0x080033b8                USB_EPSetStall
 .text.USB_EPClearStall
                0x08003494       0xcc cmake/stm32cubemx/CMakeFiles/STM32_Drivers.dir/__/__/Drivers/STM32F4xx_HAL_Driver/Src/stm32f4xx_ll_usb.c.obj
                0x08003494                USB_EPClearStall
 .text.USB_SetDevAddress
                0x08003560       0x4c cmake/stm32cubemx/CMakeFiles/STM32_Drivers.dir/__/__/Drivers/STM32F4xx_HAL_Driver/Src/stm32f4xx_ll_usb.c.obj
                0x08003560                USB_SetDevAddress
 .text.USB_DevConnect
                0x080035ac       0x42 cmake/stm32cubemx/CMakeFiles/STM32_Drivers.dir/__/__/Drivers/STM32F4xx_HAL_Driver/Src/stm32f4xx_ll_usb.c.obj
                0x080035ac                USB_DevConnect
 .text.USB_DevDisconnect
                0x080035ee       0x42 cmake/stm32cubemx/CMakeFiles/STM32_Drivers.dir/__/__/Drivers/STM32F4xx_HAL_Driver/Src/stm32f4xx_ll_usb.c.obj
                0x080035ee                USB_DevDisconnect
 .text.USB_ReadInterrupts
                0x08003630       0x26 cmake/stm32cubemx/CMakeFiles/STM32_Drivers.dir/__/__/Drivers/STM32F4xx_HAL_Driver/Src/stm32f4xx_ll_usb.c.obj
                0x08003630                USB_ReadInterrupts
 .text.USB_ReadDevAllOutEpInterrupt
                0x08003656       0x34 cmake/stm32cubemx/CMakeFiles/STM32_Drivers.dir/__/__/Drivers/STM32F4xx_HAL_Driver/Src/stm32f4xx_ll_usb.c.obj
                0x08003656                USB_ReadDevAllOutEpInterrupt
 .text.USB_ReadDevAllInEpInterrupt
                0x0800368a       0x34 cmake/stm32cubemx/CMakeFiles/STM32_Drivers.dir/__/__/Drivers/STM32F4xx_HAL_Driver/Src/stm32f4xx_ll_usb.c.obj
                0x0800368a                USB_ReadDevAllInEpInterrupt
 .text.USB_ReadDevOutEPInterrupt
                0x080036be       0x3c cmake/stm32cubemx/CMakeFiles/STM32_Drivers.dir/__/__/Drivers/STM32F4xx_HAL_Driver/Src/stm32f4xx_ll_usb.c.obj
                0x080036be                USB_ReadDevOutEPInterrupt
 .text.USB_ReadDevInEPInterrupt
                0x080036fa       0x5c cmake/stm32cubemx/CMakeFiles/STM32_Drivers.dir/__/__/Drivers/STM32F4xx_HAL_Driver/Src/stm32f4xx_ll_usb.c.obj
                0x080036fa                USB_ReadDevInEPInterrupt
 .text.USB_GetMode
                0x08003756       0x1c cmake/stm32cubemx/CMakeFiles/STM32_Drivers.dir/__/__/Drivers/STM32F4xx_HAL_Driver/Src/stm32f4xx_ll_usb.c.obj
                0x08003756                USB_GetMode
 .text.USB_ActivateSetup
                0x08003772       0x46 cmake/stm32cubemx/CMakeFiles/STM32_Drivers.dir/__/__/Drivers/STM32F4xx_HAL_Driver/Src/stm32f4xx_ll_usb.c.obj
                0x08003772                USB_ActivateSetup
 .text.USB_EP0_OutStart
                0x080037b8       0xbc cmake/stm32cubemx/CMakeFiles/STM32_Drivers.dir/__/__/Drivers/STM32F4xx_HAL_Driver/Src/stm32f4xx_ll_usb.c.obj
                0x080037b8                USB_EP0_OutStart
 .text.USB_CoreReset
                0x08003874       0x70 cmake/stm32cubemx/CMakeFiles/STM32_Drivers.dir/__/__/Drivers/STM32F4xx_HAL_Driver/Src/stm32f4xx_ll_usb.c.obj
 .text.HAL_RCC_OscConfig
                0x080038e4      0x4f0 cmake/stm32cubemx/CMakeFiles/STM32_Drivers.dir/__/__/Drivers/STM32F4xx_HAL_Driver/Src/stm32f4xx_hal_rcc.c.obj
                0x080038e4                HAL_RCC_OscConfig
 .text.HAL_RCC_ClockConfig
                0x08003dd4      0x1cc cmake/stm32cubemx/CMakeFiles/STM32_Drivers.dir/__/__/Drivers/STM32F4xx_HAL_Driver/Src/stm32f4xx_hal_rcc.c.obj
                0x08003dd4                HAL_RCC_ClockConfig
 .text.HAL_RCC_GetSysClockFreq
                0x08003fa0      0x20c cmake/stm32cubemx/CMakeFiles/STM32_Drivers.dir/__/__/Drivers/STM32F4xx_HAL_Driver/Src/stm32f4xx_hal_rcc.c.obj
                0x08003fa0                HAL_RCC_GetSysClockFreq
 .text.HAL_RCC_GetHCLKFreq
                0x080041ac       0x18 cmake/stm32cubemx/CMakeFiles/STM32_Drivers.dir/__/__/Drivers/STM32F4xx_HAL_Driver/Src/stm32f4xx_hal_rcc.c.obj
                0x080041ac                HAL_RCC_GetHCLKFreq
 .text.HAL_GPIO_Init
                0x080041c4      0x338 cmake/stm32cubemx/CMakeFiles/STM32_Drivers.dir/__/__/Drivers/STM32F4xx_HAL_Driver/Src/stm32f4xx_hal_gpio.c.obj
                0x080041c4                HAL_GPIO_Init
 .text.HAL_GPIO_WritePin
                0x080044fc       0x32 cmake/stm32cubemx/CMakeFiles/STM32_Drivers.dir/__/__/Drivers/STM32F4xx_HAL_Driver/Src/stm32f4xx_hal_gpio.c.obj
                0x080044fc                HAL_GPIO_WritePin
 .text.HAL_GPIO_TogglePin
                0x0800452e       0x34 cmake/stm32cubemx/CMakeFiles/STM32_Drivers.dir/__/__/Drivers/STM32F4xx_HAL_Driver/Src/stm32f4xx_hal_gpio.c.obj
                0x0800452e                HAL_GPIO_TogglePin
 *fill*         0x08004562        0x2 
 .text.__NVIC_SetPriorityGrouping
                0x08004564       0x48 cmake/stm32cubemx/CMakeFiles/STM32_Drivers.dir/__/__/Drivers/STM32F4xx_HAL_Driver/Src/stm32f4xx_hal_cortex.c.obj
 .text.__NVIC_GetPriorityGrouping
                0x080045ac       0x1c cmake/stm32cubemx/CMakeFiles/STM32_Drivers.dir/__/__/Drivers/STM32F4xx_HAL_Driver/Src/stm32f4xx_hal_cortex.c.obj
 .text.__NVIC_EnableIRQ
                0x080045c8       0x3c cmake/stm32cubemx/CMakeFiles/STM32_Drivers.dir/__/__/Drivers/STM32F4xx_HAL_Driver/Src/stm32f4xx_hal_cortex.c.obj
 .text.__NVIC_SetPriority
                0x08004604       0x54 cmake/stm32cubemx/CMakeFiles/STM32_Drivers.dir/__/__/Drivers/STM32F4xx_HAL_Driver/Src/stm32f4xx_hal_cortex.c.obj
 .text.NVIC_EncodePriority
                0x08004658       0x66 cmake/stm32cubemx/CMakeFiles/STM32_Drivers.dir/__/__/Drivers/STM32F4xx_HAL_Driver/Src/stm32f4xx_hal_cortex.c.obj
 *fill*         0x080046be        0x2 
 .text.SysTick_Config
                0x080046c0       0x44 cmake/stm32cubemx/CMakeFiles/STM32_Drivers.dir/__/__/Drivers/STM32F4xx_HAL_Driver/Src/stm32f4xx_hal_cortex.c.obj
 .text.HAL_NVIC_SetPriorityGrouping
                0x08004704       0x16 cmake/stm32cubemx/CMakeFiles/STM32_Drivers.dir/__/__/Drivers/STM32F4xx_HAL_Driver/Src/stm32f4xx_hal_cortex.c.obj
                0x08004704                HAL_NVIC_SetPriorityGrouping
 .text.HAL_NVIC_SetPriority
                0x0800471a       0x38 cmake/stm32cubemx/CMakeFiles/STM32_Drivers.dir/__/__/Drivers/STM32F4xx_HAL_Driver/Src/stm32f4xx_hal_cortex.c.obj
                0x0800471a                HAL_NVIC_SetPriority
 .text.HAL_NVIC_EnableIRQ
                0x08004752       0x1c cmake/stm32cubemx/CMakeFiles/STM32_Drivers.dir/__/__/Drivers/STM32F4xx_HAL_Driver/Src/stm32f4xx_hal_cortex.c.obj
                0x08004752                HAL_NVIC_EnableIRQ
 .text.HAL_SYSTICK_Config
                0x0800476e       0x18 cmake/stm32cubemx/CMakeFiles/STM32_Drivers.dir/__/__/Drivers/STM32F4xx_HAL_Driver/Src/stm32f4xx_hal_cortex.c.obj
                0x0800476e                HAL_SYSTICK_Config
 *fill*         0x08004786        0x2 
 .text.HAL_Init
                0x08004788       0x44 cmake/stm32cubemx/CMakeFiles/STM32_Drivers.dir/__/__/Drivers/STM32F4xx_HAL_Driver/Src/stm32f4xx_hal.c.obj
                0x08004788                HAL_Init
 .text.HAL_InitTick
                0x080047cc       0x60 cmake/stm32cubemx/CMakeFiles/STM32_Drivers.dir/__/__/Drivers/STM32F4xx_HAL_Driver/Src/stm32f4xx_hal.c.obj
                0x080047cc                HAL_InitTick
 .text.HAL_IncTick
                0x0800482c       0x28 cmake/stm32cubemx/CMakeFiles/STM32_Drivers.dir/__/__/Drivers/STM32F4xx_HAL_Driver/Src/stm32f4xx_hal.c.obj
                0x0800482c                HAL_IncTick
 .text.HAL_GetTick
                0x08004854       0x18 cmake/stm32cubemx/CMakeFiles/STM32_Drivers.dir/__/__/Drivers/STM32F4xx_HAL_Driver/Src/stm32f4xx_hal.c.obj
                0x08004854                HAL_GetTick
 .text.HAL_Delay
                0x0800486c       0x48 cmake/stm32cubemx/CMakeFiles/STM32_Drivers.dir/__/__/Drivers/STM32F4xx_HAL_Driver/Src/stm32f4xx_hal.c.obj
                0x0800486c                HAL_Delay
 .text.HAL_TIM_Base_Init
                0x080048b4       0x9e cmake/stm32cubemx/CMakeFiles/STM32_Drivers.dir/__/__/Drivers/STM32F4xx_HAL_Driver/Src/stm32f4xx_hal_tim.c.obj
                0x080048b4                HAL_TIM_Base_Init
 *fill*         0x08004952        0x2 
 .text.HAL_TIM_Base_Start_IT
                0x08004954       0xe0 cmake/stm32cubemx/CMakeFiles/STM32_Drivers.dir/__/__/Drivers/STM32F4xx_HAL_Driver/Src/stm32f4xx_hal_tim.c.obj
                0x08004954                HAL_TIM_Base_Start_IT
 .text.HAL_TIM_IRQHandler
                0x08004a34      0x1e0 cmake/stm32cubemx/CMakeFiles/STM32_Drivers.dir/__/__/Drivers/STM32F4xx_HAL_Driver/Src/stm32f4xx_hal_tim.c.obj
                0x08004a34                HAL_TIM_IRQHandler
 .text.HAL_TIM_ConfigClockSource
                0x08004c14      0x18e cmake/stm32cubemx/CMakeFiles/STM32_Drivers.dir/__/__/Drivers/STM32F4xx_HAL_Driver/Src/stm32f4xx_hal_tim.c.obj
                0x08004c14                HAL_TIM_ConfigClockSource
 .text.HAL_TIM_OC_DelayElapsedCallback
                0x08004da2       0x14 cmake/stm32cubemx/CMakeFiles/STM32_Drivers.dir/__/__/Drivers/STM32F4xx_HAL_Driver/Src/stm32f4xx_hal_tim.c.obj
                0x08004da2                HAL_TIM_OC_DelayElapsedCallback
 .text.HAL_TIM_IC_CaptureCallback
                0x08004db6       0x14 cmake/stm32cubemx/CMakeFiles/STM32_Drivers.dir/__/__/Drivers/STM32F4xx_HAL_Driver/Src/stm32f4xx_hal_tim.c.obj
                0x08004db6                HAL_TIM_IC_CaptureCallback
 .text.HAL_TIM_PWM_PulseFinishedCallback
                0x08004dca       0x14 cmake/stm32cubemx/CMakeFiles/STM32_Drivers.dir/__/__/Drivers/STM32F4xx_HAL_Driver/Src/stm32f4xx_hal_tim.c.obj
                0x08004dca                HAL_TIM_PWM_PulseFinishedCallback
 .text.HAL_TIM_TriggerCallback
                0x08004dde       0x14 cmake/stm32cubemx/CMakeFiles/STM32_Drivers.dir/__/__/Drivers/STM32F4xx_HAL_Driver/Src/stm32f4xx_hal_tim.c.obj
                0x08004dde                HAL_TIM_TriggerCallback
 *fill*         0x08004df2        0x2 
 .text.TIM_Base_SetConfig
                0x08004df4      0x14c cmake/stm32cubemx/CMakeFiles/STM32_Drivers.dir/__/__/Drivers/STM32F4xx_HAL_Driver/Src/stm32f4xx_hal_tim.c.obj
                0x08004df4                TIM_Base_SetConfig
 .text.TIM_TI1_ConfigInputStage
                0x08004f40       0x5e cmake/stm32cubemx/CMakeFiles/STM32_Drivers.dir/__/__/Drivers/STM32F4xx_HAL_Driver/Src/stm32f4xx_hal_tim.c.obj
 .text.TIM_TI2_ConfigInputStage
                0x08004f9e       0x60 cmake/stm32cubemx/CMakeFiles/STM32_Drivers.dir/__/__/Drivers/STM32F4xx_HAL_Driver/Src/stm32f4xx_hal_tim.c.obj
 .text.TIM_ITRx_SetConfig
                0x08004ffe       0x36 cmake/stm32cubemx/CMakeFiles/STM32_Drivers.dir/__/__/Drivers/STM32F4xx_HAL_Driver/Src/stm32f4xx_hal_tim.c.obj
 .text.TIM_ETR_SetConfig
                0x08005034       0x40 cmake/stm32cubemx/CMakeFiles/STM32_Drivers.dir/__/__/Drivers/STM32F4xx_HAL_Driver/Src/stm32f4xx_hal_tim.c.obj
                0x08005034                TIM_ETR_SetConfig
 .text.HAL_TIMEx_MasterConfigSynchronization
                0x08005074       0xf8 cmake/stm32cubemx/CMakeFiles/STM32_Drivers.dir/__/__/Drivers/STM32F4xx_HAL_Driver/Src/stm32f4xx_hal_tim_ex.c.obj
                0x08005074                HAL_TIMEx_MasterConfigSynchronization
 .text.HAL_TIMEx_CommutCallback
                0x0800516c       0x14 cmake/stm32cubemx/CMakeFiles/STM32_Drivers.dir/__/__/Drivers/STM32F4xx_HAL_Driver/Src/stm32f4xx_hal_tim_ex.c.obj
                0x0800516c                HAL_TIMEx_CommutCallback
 .text.HAL_TIMEx_BreakCallback
                0x08005180       0x14 cmake/stm32cubemx/CMakeFiles/STM32_Drivers.dir/__/__/Drivers/STM32F4xx_HAL_Driver/Src/stm32f4xx_hal_tim_ex.c.obj
                0x08005180                HAL_TIMEx_BreakCallback
 .text.USBD_Init
                0x08005194       0x60 cmake/stm32cubemx/CMakeFiles/USB_Device_Library.dir/__/__/Middlewares/ST/STM32_USB_Device_Library/Core/Src/usbd_core.c.obj
                0x08005194                USBD_Init
 .text.USBD_RegisterClass
                0x080051f4       0x6c cmake/stm32cubemx/CMakeFiles/USB_Device_Library.dir/__/__/Middlewares/ST/STM32_USB_Device_Library/Core/Src/usbd_core.c.obj
                0x080051f4                USBD_RegisterClass
 .text.USBD_Start
                0x08005260       0x18 cmake/stm32cubemx/CMakeFiles/USB_Device_Library.dir/__/__/Middlewares/ST/STM32_USB_Device_Library/Core/Src/usbd_core.c.obj
                0x08005260                USBD_Start
 .text.USBD_RunTestMode
                0x08005278       0x16 cmake/stm32cubemx/CMakeFiles/USB_Device_Library.dir/__/__/Middlewares/ST/STM32_USB_Device_Library/Core/Src/usbd_core.c.obj
                0x08005278                USBD_RunTestMode
 .text.USBD_SetClassConfig
                0x0800528e       0x38 cmake/stm32cubemx/CMakeFiles/USB_Device_Library.dir/__/__/Middlewares/ST/STM32_USB_Device_Library/Core/Src/usbd_core.c.obj
                0x0800528e                USBD_SetClassConfig
 .text.USBD_ClrClassConfig
                0x080052c6       0x34 cmake/stm32cubemx/CMakeFiles/USB_Device_Library.dir/__/__/Middlewares/ST/STM32_USB_Device_Library/Core/Src/usbd_core.c.obj
                0x080052c6                USBD_ClrClassConfig
 .text.USBD_LL_SetupStage
                0x080052fa       0xaa cmake/stm32cubemx/CMakeFiles/USB_Device_Library.dir/__/__/Middlewares/ST/STM32_USB_Device_Library/Core/Src/usbd_core.c.obj
                0x080052fa                USBD_LL_SetupStage
 .text.USBD_LL_DataOutStage
                0x080053a4      0x178 cmake/stm32cubemx/CMakeFiles/USB_Device_Library.dir/__/__/Middlewares/ST/STM32_USB_Device_Library/Core/Src/usbd_core.c.obj
                0x080053a4                USBD_LL_DataOutStage
 .text.USBD_LL_DataInStage
                0x0800551c      0x176 cmake/stm32cubemx/CMakeFiles/USB_Device_Library.dir/__/__/Middlewares/ST/STM32_USB_Device_Library/Core/Src/usbd_core.c.obj
                0x0800551c                USBD_LL_DataInStage
 .text.USBD_LL_Reset
                0x08005692       0xa6 cmake/stm32cubemx/CMakeFiles/USB_Device_Library.dir/__/__/Middlewares/ST/STM32_USB_Device_Library/Core/Src/usbd_core.c.obj
                0x08005692                USBD_LL_Reset
 .text.USBD_LL_SetSpeed
                0x08005738       0x20 cmake/stm32cubemx/CMakeFiles/USB_Device_Library.dir/__/__/Middlewares/ST/STM32_USB_Device_Library/Core/Src/usbd_core.c.obj
                0x08005738                USBD_LL_SetSpeed
 .text.USBD_LL_Suspend
                0x08005758       0x38 cmake/stm32cubemx/CMakeFiles/USB_Device_Library.dir/__/__/Middlewares/ST/STM32_USB_Device_Library/Core/Src/usbd_core.c.obj
                0x08005758                USBD_LL_Suspend
 .text.USBD_LL_Resume
                0x08005790       0x30 cmake/stm32cubemx/CMakeFiles/USB_Device_Library.dir/__/__/Middlewares/ST/STM32_USB_Device_Library/Core/Src/usbd_core.c.obj
                0x08005790                USBD_LL_Resume
 .text.USBD_LL_SOF
                0x080057c0       0x40 cmake/stm32cubemx/CMakeFiles/USB_Device_Library.dir/__/__/Middlewares/ST/STM32_USB_Device_Library/Core/Src/usbd_core.c.obj
                0x080057c0                USBD_LL_SOF
 .text.USBD_LL_IsoINIncomplete
                0x08005800       0x64 cmake/stm32cubemx/CMakeFiles/USB_Device_Library.dir/__/__/Middlewares/ST/STM32_USB_Device_Library/Core/Src/usbd_core.c.obj
                0x08005800                USBD_LL_IsoINIncomplete
 .text.USBD_LL_IsoOUTIncomplete
                0x08005864       0x64 cmake/stm32cubemx/CMakeFiles/USB_Device_Library.dir/__/__/Middlewares/ST/STM32_USB_Device_Library/Core/Src/usbd_core.c.obj
                0x08005864                USBD_LL_IsoOUTIncomplete
 .text.USBD_LL_DevConnected
                0x080058c8       0x16 cmake/stm32cubemx/CMakeFiles/USB_Device_Library.dir/__/__/Middlewares/ST/STM32_USB_Device_Library/Core/Src/usbd_core.c.obj
                0x080058c8                USBD_LL_DevConnected
 .text.USBD_LL_DevDisconnected
                0x080058de       0x46 cmake/stm32cubemx/CMakeFiles/USB_Device_Library.dir/__/__/Middlewares/ST/STM32_USB_Device_Library/Core/Src/usbd_core.c.obj
                0x080058de                USBD_LL_DevDisconnected
 .text.USBD_CoreFindIF
                0x08005924       0x1a cmake/stm32cubemx/CMakeFiles/USB_Device_Library.dir/__/__/Middlewares/ST/STM32_USB_Device_Library/Core/Src/usbd_core.c.obj
                0x08005924                USBD_CoreFindIF
 .text.USBD_CoreFindEP
                0x0800593e       0x1a cmake/stm32cubemx/CMakeFiles/USB_Device_Library.dir/__/__/Middlewares/ST/STM32_USB_Device_Library/Core/Src/usbd_core.c.obj
                0x0800593e                USBD_CoreFindEP
 .text.USBD_GetEpDesc
                0x08005958       0x70 cmake/stm32cubemx/CMakeFiles/USB_Device_Library.dir/__/__/Middlewares/ST/STM32_USB_Device_Library/Core/Src/usbd_core.c.obj
                0x08005958                USBD_GetEpDesc
 .text.USBD_GetNextDesc
                0x080059c8       0x38 cmake/stm32cubemx/CMakeFiles/USB_Device_Library.dir/__/__/Middlewares/ST/STM32_USB_Device_Library/Core/Src/usbd_core.c.obj
                0x080059c8                USBD_GetNextDesc
 .text.SWAPBYTE
                0x08005a00       0x3e cmake/stm32cubemx/CMakeFiles/USB_Device_Library.dir/__/__/Middlewares/ST/STM32_USB_Device_Library/Core/Src/usbd_ctlreq.c.obj
 *fill*         0x08005a3e        0x2 
 .text.USBD_StdDevReq
                0x08005a40       0xe4 cmake/stm32cubemx/CMakeFiles/USB_Device_Library.dir/__/__/Middlewares/ST/STM32_USB_Device_Library/Core/Src/usbd_ctlreq.c.obj
                0x08005a40                USBD_StdDevReq
 .text.USBD_StdItfReq
                0x08005b24       0xd8 cmake/stm32cubemx/CMakeFiles/USB_Device_Library.dir/__/__/Middlewares/ST/STM32_USB_Device_Library/Core/Src/usbd_ctlreq.c.obj
                0x08005b24                USBD_StdItfReq
 .text.USBD_StdEPReq
                0x08005bfc      0x33e cmake/stm32cubemx/CMakeFiles/USB_Device_Library.dir/__/__/Middlewares/ST/STM32_USB_Device_Library/Core/Src/usbd_ctlreq.c.obj
                0x08005bfc                USBD_StdEPReq
 *fill*         0x08005f3a        0x2 
 .text.USBD_GetDescriptor
                0x08005f3c      0x2d4 cmake/stm32cubemx/CMakeFiles/USB_Device_Library.dir/__/__/Middlewares/ST/STM32_USB_Device_Library/Core/Src/usbd_ctlreq.c.obj
 .text.USBD_SetAddress
                0x08006210       0x88 cmake/stm32cubemx/CMakeFiles/USB_Device_Library.dir/__/__/Middlewares/ST/STM32_USB_Device_Library/Core/Src/usbd_ctlreq.c.obj
 .text.USBD_SetConfig
                0x08006298      0x154 cmake/stm32cubemx/CMakeFiles/USB_Device_Library.dir/__/__/Middlewares/ST/STM32_USB_Device_Library/Core/Src/usbd_ctlreq.c.obj
 .text.USBD_GetConfig
                0x080063ec       0x6c cmake/stm32cubemx/CMakeFiles/USB_Device_Library.dir/__/__/Middlewares/ST/STM32_USB_Device_Library/Core/Src/usbd_ctlreq.c.obj
 .text.USBD_GetStatus
                0x08006458       0x68 cmake/stm32cubemx/CMakeFiles/USB_Device_Library.dir/__/__/Middlewares/ST/STM32_USB_Device_Library/Core/Src/usbd_ctlreq.c.obj
 .text.USBD_SetFeature
                0x080064c0       0x52 cmake/stm32cubemx/CMakeFiles/USB_Device_Library.dir/__/__/Middlewares/ST/STM32_USB_Device_Library/Core/Src/usbd_ctlreq.c.obj
 .text.USBD_ClrFeature
                0x08006512       0x44 cmake/stm32cubemx/CMakeFiles/USB_Device_Library.dir/__/__/Middlewares/ST/STM32_USB_Device_Library/Core/Src/usbd_ctlreq.c.obj
 .text.USBD_ParseSetupRequest
                0x08006556       0x74 cmake/stm32cubemx/CMakeFiles/USB_Device_Library.dir/__/__/Middlewares/ST/STM32_USB_Device_Library/Core/Src/usbd_ctlreq.c.obj
                0x08006556                USBD_ParseSetupRequest
 .text.USBD_CtlError
                0x080065ca       0x22 cmake/stm32cubemx/CMakeFiles/USB_Device_Library.dir/__/__/Middlewares/ST/STM32_USB_Device_Library/Core/Src/usbd_ctlreq.c.obj
                0x080065ca                USBD_CtlError
 .text.USBD_GetString
                0x080065ec       0xa4 cmake/stm32cubemx/CMakeFiles/USB_Device_Library.dir/__/__/Middlewares/ST/STM32_USB_Device_Library/Core/Src/usbd_ctlreq.c.obj
                0x080065ec                USBD_GetString
 .text.USBD_GetLen
                0x08006690       0x34 cmake/stm32cubemx/CMakeFiles/USB_Device_Library.dir/__/__/Middlewares/ST/STM32_USB_Device_Library/Core/Src/usbd_ctlreq.c.obj
 .text.USBD_CtlSendData
                0x080066c4       0x3c cmake/stm32cubemx/CMakeFiles/USB_Device_Library.dir/__/__/Middlewares/ST/STM32_USB_Device_Library/Core/Src/usbd_ioreq.c.obj
                0x080066c4                USBD_CtlSendData
 .text.USBD_CtlContinueSendData
                0x08006700       0x22 cmake/stm32cubemx/CMakeFiles/USB_Device_Library.dir/__/__/Middlewares/ST/STM32_USB_Device_Library/Core/Src/usbd_ioreq.c.obj
                0x08006700                USBD_CtlContinueSendData
 .text.USBD_CtlPrepareRx
                0x08006722       0x42 cmake/stm32cubemx/CMakeFiles/USB_Device_Library.dir/__/__/Middlewares/ST/STM32_USB_Device_Library/Core/Src/usbd_ioreq.c.obj
                0x08006722                USBD_CtlPrepareRx
 .text.USBD_CtlContinueRx
                0x08006764       0x22 cmake/stm32cubemx/CMakeFiles/USB_Device_Library.dir/__/__/Middlewares/ST/STM32_USB_Device_Library/Core/Src/usbd_ioreq.c.obj
                0x08006764                USBD_CtlContinueRx
 .text.USBD_CtlSendStatus
                0x08006786       0x26 cmake/stm32cubemx/CMakeFiles/USB_Device_Library.dir/__/__/Middlewares/ST/STM32_USB_Device_Library/Core/Src/usbd_ioreq.c.obj
                0x08006786                USBD_CtlSendStatus
 .text.USBD_CtlReceiveStatus
                0x080067ac       0x26 cmake/stm32cubemx/CMakeFiles/USB_Device_Library.dir/__/__/Middlewares/ST/STM32_USB_Device_Library/Core/Src/usbd_ioreq.c.obj
                0x080067ac                USBD_CtlReceiveStatus
 *fill*         0x080067d2        0x2 
 .text.USBD_CDC_Init
                0x080067d4      0x1f0 cmake/stm32cubemx/CMakeFiles/USB_Device_Library.dir/__/__/Middlewares/ST/STM32_USB_Device_Library/Class/CDC/Src/usbd_cdc.c.obj
 .text.USBD_CDC_DeInit
                0x080069c4      0x104 cmake/stm32cubemx/CMakeFiles/USB_Device_Library.dir/__/__/Middlewares/ST/STM32_USB_Device_Library/Class/CDC/Src/usbd_cdc.c.obj
 .text.USBD_CDC_Setup
                0x08006ac8      0x1b8 cmake/stm32cubemx/CMakeFiles/USB_Device_Library.dir/__/__/Middlewares/ST/STM32_USB_Device_Library/Class/CDC/Src/usbd_cdc.c.obj
 .text.USBD_CDC_DataIn
                0x08006c80       0xfe cmake/stm32cubemx/CMakeFiles/USB_Device_Library.dir/__/__/Middlewares/ST/STM32_USB_Device_Library/Class/CDC/Src/usbd_cdc.c.obj
 .text.USBD_CDC_DataOut
                0x08006d7e       0x70 cmake/stm32cubemx/CMakeFiles/USB_Device_Library.dir/__/__/Middlewares/ST/STM32_USB_Device_Library/Class/CDC/Src/usbd_cdc.c.obj
 .text.USBD_CDC_EP0_RxReady
                0x08006dee       0x74 cmake/stm32cubemx/CMakeFiles/USB_Device_Library.dir/__/__/Middlewares/ST/STM32_USB_Device_Library/Class/CDC/Src/usbd_cdc.c.obj
 *fill*         0x08006e62        0x2 
 .text.USBD_CDC_GetFSCfgDesc
                0x08006e64       0x70 cmake/stm32cubemx/CMakeFiles/USB_Device_Library.dir/__/__/Middlewares/ST/STM32_USB_Device_Library/Class/CDC/Src/usbd_cdc.c.obj
 .text.USBD_CDC_GetHSCfgDesc
                0x08006ed4       0x70 cmake/stm32cubemx/CMakeFiles/USB_Device_Library.dir/__/__/Middlewares/ST/STM32_USB_Device_Library/Class/CDC/Src/usbd_cdc.c.obj
 .text.USBD_CDC_GetOtherSpeedCfgDesc
                0x08006f44       0x70 cmake/stm32cubemx/CMakeFiles/USB_Device_Library.dir/__/__/Middlewares/ST/STM32_USB_Device_Library/Class/CDC/Src/usbd_cdc.c.obj
 .text.USBD_CDC_GetDeviceQualifierDescriptor
                0x08006fb4       0x20 cmake/stm32cubemx/CMakeFiles/USB_Device_Library.dir/__/__/Middlewares/ST/STM32_USB_Device_Library/Class/CDC/Src/usbd_cdc.c.obj
                0x08006fb4                USBD_CDC_GetDeviceQualifierDescriptor
 .text.USBD_CDC_RegisterInterface
                0x08006fd4       0x34 cmake/stm32cubemx/CMakeFiles/USB_Device_Library.dir/__/__/Middlewares/ST/STM32_USB_Device_Library/Class/CDC/Src/usbd_cdc.c.obj
                0x08006fd4                USBD_CDC_RegisterInterface
 .text.USBD_CDC_SetTxBuffer
                0x08007008       0x44 cmake/stm32cubemx/CMakeFiles/USB_Device_Library.dir/__/__/Middlewares/ST/STM32_USB_Device_Library/Class/CDC/Src/usbd_cdc.c.obj
                0x08007008                USBD_CDC_SetTxBuffer
 .text.USBD_CDC_SetRxBuffer
                0x0800704c       0x3a cmake/stm32cubemx/CMakeFiles/USB_Device_Library.dir/__/__/Middlewares/ST/STM32_USB_Device_Library/Class/CDC/Src/usbd_cdc.c.obj
                0x0800704c                USBD_CDC_SetRxBuffer
 *fill*         0x08007086        0x2 
 .text.USBD_CDC_TransmitPacket
                0x08007088       0x80 cmake/stm32cubemx/CMakeFiles/USB_Device_Library.dir/__/__/Middlewares/ST/STM32_USB_Device_Library/Class/CDC/Src/usbd_cdc.c.obj
                0x08007088                USBD_CDC_TransmitPacket
 .text.USBD_CDC_ReceivePacket
                0x08007108       0x6c cmake/stm32cubemx/CMakeFiles/USB_Device_Library.dir/__/__/Middlewares/ST/STM32_USB_Device_Library/Class/CDC/Src/usbd_cdc.c.obj
                0x08007108                USBD_CDC_ReceivePacket
 .text.HAL_PCD_MspInit
                0x08007174       0xa8 CMakeFiles/STM32f407vet6.dir/USB_DEVICE/Target/usbd_conf.c.obj
                0x08007174                HAL_PCD_MspInit
 .text.HAL_PCD_SetupStageCallback
                0x0800721c       0x24 CMakeFiles/STM32f407vet6.dir/USB_DEVICE/Target/usbd_conf.c.obj
                0x0800721c                HAL_PCD_SetupStageCallback
 .text.HAL_PCD_DataOutStageCallback
                0x08007240       0x36 CMakeFiles/STM32f407vet6.dir/USB_DEVICE/Target/usbd_conf.c.obj
                0x08007240                HAL_PCD_DataOutStageCallback
 .text.HAL_PCD_DataInStageCallback
                0x08007276       0x34 CMakeFiles/STM32f407vet6.dir/USB_DEVICE/Target/usbd_conf.c.obj
                0x08007276                HAL_PCD_DataInStageCallback
 .text.HAL_PCD_SOFCallback
                0x080072aa       0x1c CMakeFiles/STM32f407vet6.dir/USB_DEVICE/Target/usbd_conf.c.obj
                0x080072aa                HAL_PCD_SOFCallback
 .text.HAL_PCD_ResetCallback
                0x080072c6       0x50 CMakeFiles/STM32f407vet6.dir/USB_DEVICE/Target/usbd_conf.c.obj
                0x080072c6                HAL_PCD_ResetCallback
 *fill*         0x08007316        0x2 
 .text.HAL_PCD_SuspendCallback
                0x08007318       0x4c CMakeFiles/STM32f407vet6.dir/USB_DEVICE/Target/usbd_conf.c.obj
                0x08007318                HAL_PCD_SuspendCallback
 .text.HAL_PCD_ResumeCallback
                0x08007364       0x1c CMakeFiles/STM32f407vet6.dir/USB_DEVICE/Target/usbd_conf.c.obj
                0x08007364                HAL_PCD_ResumeCallback
 .text.HAL_PCD_ISOOUTIncompleteCallback
                0x08007380       0x24 CMakeFiles/STM32f407vet6.dir/USB_DEVICE/Target/usbd_conf.c.obj
                0x08007380                HAL_PCD_ISOOUTIncompleteCallback
 .text.HAL_PCD_ISOINIncompleteCallback
                0x080073a4       0x24 CMakeFiles/STM32f407vet6.dir/USB_DEVICE/Target/usbd_conf.c.obj
                0x080073a4                HAL_PCD_ISOINIncompleteCallback
 .text.HAL_PCD_ConnectCallback
                0x080073c8       0x1c CMakeFiles/STM32f407vet6.dir/USB_DEVICE/Target/usbd_conf.c.obj
                0x080073c8                HAL_PCD_ConnectCallback
 .text.HAL_PCD_DisconnectCallback
                0x080073e4       0x1c CMakeFiles/STM32f407vet6.dir/USB_DEVICE/Target/usbd_conf.c.obj
                0x080073e4                HAL_PCD_DisconnectCallback
 .text.USBD_LL_Init
                0x08007400       0x98 CMakeFiles/STM32f407vet6.dir/USB_DEVICE/Target/usbd_conf.c.obj
                0x08007400                USBD_LL_Init
 .text.USBD_LL_Start
                0x08007498       0x36 CMakeFiles/STM32f407vet6.dir/USB_DEVICE/Target/usbd_conf.c.obj
                0x08007498                USBD_LL_Start
 .text.USBD_LL_OpenEP
                0x080074ce       0x4c CMakeFiles/STM32f407vet6.dir/USB_DEVICE/Target/usbd_conf.c.obj
                0x080074ce                USBD_LL_OpenEP
 .text.USBD_LL_CloseEP
                0x0800751a       0x3e CMakeFiles/STM32f407vet6.dir/USB_DEVICE/Target/usbd_conf.c.obj
                0x0800751a                USBD_LL_CloseEP
 .text.USBD_LL_StallEP
                0x08007558       0x3e CMakeFiles/STM32f407vet6.dir/USB_DEVICE/Target/usbd_conf.c.obj
                0x08007558                USBD_LL_StallEP
 .text.USBD_LL_ClearStallEP
                0x08007596       0x3e CMakeFiles/STM32f407vet6.dir/USB_DEVICE/Target/usbd_conf.c.obj
                0x08007596                USBD_LL_ClearStallEP
 .text.USBD_LL_IsStallEP
                0x080075d4       0x58 CMakeFiles/STM32f407vet6.dir/USB_DEVICE/Target/usbd_conf.c.obj
                0x080075d4                USBD_LL_IsStallEP
 .text.USBD_LL_SetUSBAddress
                0x0800762c       0x3e CMakeFiles/STM32f407vet6.dir/USB_DEVICE/Target/usbd_conf.c.obj
                0x0800762c                USBD_LL_SetUSBAddress
 .text.USBD_LL_Transmit
                0x0800766a       0x42 CMakeFiles/STM32f407vet6.dir/USB_DEVICE/Target/usbd_conf.c.obj
                0x0800766a                USBD_LL_Transmit
 .text.USBD_LL_PrepareReceive
                0x080076ac       0x42 CMakeFiles/STM32f407vet6.dir/USB_DEVICE/Target/usbd_conf.c.obj
                0x080076ac                USBD_LL_PrepareReceive
 .text.USBD_LL_GetRxDataSize
                0x080076ee       0x26 CMakeFiles/STM32f407vet6.dir/USB_DEVICE/Target/usbd_conf.c.obj
                0x080076ee                USBD_LL_GetRxDataSize
 .text.USBD_static_malloc
                0x08007714       0x1c CMakeFiles/STM32f407vet6.dir/USB_DEVICE/Target/usbd_conf.c.obj
                0x08007714                USBD_static_malloc
 .text.USBD_static_free
                0x08007730       0x14 CMakeFiles/STM32f407vet6.dir/USB_DEVICE/Target/usbd_conf.c.obj
                0x08007730                USBD_static_free
 .text.USBD_Get_USB_Status
                0x08007744       0x58 CMakeFiles/STM32f407vet6.dir/USB_DEVICE/Target/usbd_conf.c.obj
                0x08007744                USBD_Get_USB_Status
 .text.MX_USB_DEVICE_Init
                0x0800779c       0x60 CMakeFiles/STM32f407vet6.dir/USB_DEVICE/App/usb_device.c.obj
                0x0800779c                MX_USB_DEVICE_Init
 .text.USBD_FS_DeviceDescriptor
                0x080077fc       0x24 CMakeFiles/STM32f407vet6.dir/USB_DEVICE/App/usbd_desc.c.obj
                0x080077fc                USBD_FS_DeviceDescriptor
 .text.USBD_FS_LangIDStrDescriptor
                0x08007820       0x24 CMakeFiles/STM32f407vet6.dir/USB_DEVICE/App/usbd_desc.c.obj
                0x08007820                USBD_FS_LangIDStrDescriptor
 .text.USBD_FS_ProductStrDescriptor
                0x08007844       0x3c CMakeFiles/STM32f407vet6.dir/USB_DEVICE/App/usbd_desc.c.obj
                0x08007844                USBD_FS_ProductStrDescriptor
 .text.USBD_FS_ManufacturerStrDescriptor
                0x08007880       0x28 CMakeFiles/STM32f407vet6.dir/USB_DEVICE/App/usbd_desc.c.obj
                0x08007880                USBD_FS_ManufacturerStrDescriptor
 .text.USBD_FS_SerialStrDescriptor
                0x080078a8       0x24 CMakeFiles/STM32f407vet6.dir/USB_DEVICE/App/usbd_desc.c.obj
                0x080078a8                USBD_FS_SerialStrDescriptor
 .text.USBD_FS_ConfigStrDescriptor
                0x080078cc       0x3c CMakeFiles/STM32f407vet6.dir/USB_DEVICE/App/usbd_desc.c.obj
                0x080078cc                USBD_FS_ConfigStrDescriptor
 .text.USBD_FS_InterfaceStrDescriptor
                0x08007908       0x3c CMakeFiles/STM32f407vet6.dir/USB_DEVICE/App/usbd_desc.c.obj
                0x08007908                USBD_FS_InterfaceStrDescriptor
 .text.Get_SerialNum
                0x08007944       0x58 CMakeFiles/STM32f407vet6.dir/USB_DEVICE/App/usbd_desc.c.obj
 .text.IntToUnicode
                0x0800799c       0x7e CMakeFiles/STM32f407vet6.dir/USB_DEVICE/App/usbd_desc.c.obj
 *fill*         0x08007a1a        0x2 
 .text.CDC_Init_FS
                0x08007a1c       0x28 CMakeFiles/STM32f407vet6.dir/USB_DEVICE/App/usbd_cdc_if.c.obj
 .text.CDC_DeInit_FS
                0x08007a44       0x10 CMakeFiles/STM32f407vet6.dir/USB_DEVICE/App/usbd_cdc_if.c.obj
 .text.CDC_Control_FS
                0x08007a54       0xbc CMakeFiles/STM32f407vet6.dir/USB_DEVICE/App/usbd_cdc_if.c.obj
 .text.CDC_Receive_FS
                0x08007b10       0x34 CMakeFiles/STM32f407vet6.dir/USB_DEVICE/App/usbd_cdc_if.c.obj
 .text.CDC_Transmit_FS
                0x08007b44       0x4c CMakeFiles/STM32f407vet6.dir/USB_DEVICE/App/usbd_cdc_if.c.obj
                0x08007b44                CDC_Transmit_FS
 .text.CDC_TransmitCplt_FS
                0x08007b90       0x22 CMakeFiles/STM32f407vet6.dir/USB_DEVICE/App/usbd_cdc_if.c.obj
 *fill*         0x08007bb2        0x2 
 .text.main     0x08007bb4      0x118 CMakeFiles/STM32f407vet6.dir/Core/Src/main.c.obj
                0x08007bb4                main
 .text.SystemClock_Config
                0x08007ccc       0xd4 CMakeFiles/STM32f407vet6.dir/Core/Src/main.c.obj
                0x08007ccc                SystemClock_Config
 .text.MX_TIM2_Init
                0x08007da0       0x98 CMakeFiles/STM32f407vet6.dir/Core/Src/main.c.obj
 .text.MX_GPIO_Init
                0x08007e38       0xa0 CMakeFiles/STM32f407vet6.dir/Core/Src/main.c.obj
 .text.HAL_TIM_PeriodElapsedCallback
                0x08007ed8      0x120 CMakeFiles/STM32f407vet6.dir/Core/Src/main.c.obj
                0x08007ed8                HAL_TIM_PeriodElapsedCallback
 .text.LED_On   0x08007ff8       0x2c CMakeFiles/STM32f407vet6.dir/Core/Src/main.c.obj
                0x08007ff8                LED_On
 .text.LED_Off  0x08008024       0x2c CMakeFiles/STM32f407vet6.dir/Core/Src/main.c.obj
                0x08008024                LED_Off
 .text.LED_Twinkle
                0x08008050       0x38 CMakeFiles/STM32f407vet6.dir/Core/Src/main.c.obj
                0x08008050                LED_Twinkle
 .text.Send_JustFloat_Data
                0x08008088      0x108 CMakeFiles/STM32f407vet6.dir/Core/Src/main.c.obj
                0x08008088                Send_JustFloat_Data
 .text.Process_Command
                0x08008190       0xf0 CMakeFiles/STM32f407vet6.dir/Core/Src/main.c.obj
                0x08008190                Process_Command
 .text.Error_Handler
                0x08008280        0xc CMakeFiles/STM32f407vet6.dir/Core/Src/main.c.obj
                0x08008280                Error_Handler
 .text.NMI_Handler
                0x0800828c        0x8 CMakeFiles/STM32f407vet6.dir/Core/Src/stm32f4xx_it.c.obj
                0x0800828c                NMI_Handler
 .text.HardFault_Handler
                0x08008294        0x8 CMakeFiles/STM32f407vet6.dir/Core/Src/stm32f4xx_it.c.obj
                0x08008294                HardFault_Handler
 .text.MemManage_Handler
                0x0800829c        0x8 CMakeFiles/STM32f407vet6.dir/Core/Src/stm32f4xx_it.c.obj
                0x0800829c                MemManage_Handler
 .text.BusFault_Handler
                0x080082a4        0x8 CMakeFiles/STM32f407vet6.dir/Core/Src/stm32f4xx_it.c.obj
                0x080082a4                BusFault_Handler
 .text.UsageFault_Handler
                0x080082ac        0x8 CMakeFiles/STM32f407vet6.dir/Core/Src/stm32f4xx_it.c.obj
                0x080082ac                UsageFault_Handler
 .text.SVC_Handler
                0x080082b4        0xe CMakeFiles/STM32f407vet6.dir/Core/Src/stm32f4xx_it.c.obj
                0x080082b4                SVC_Handler
 .text.DebugMon_Handler
                0x080082c2        0xe CMakeFiles/STM32f407vet6.dir/Core/Src/stm32f4xx_it.c.obj
                0x080082c2                DebugMon_Handler
 .text.PendSV_Handler
                0x080082d0        0xe CMakeFiles/STM32f407vet6.dir/Core/Src/stm32f4xx_it.c.obj
                0x080082d0                PendSV_Handler
 .text.SysTick_Handler
                0x080082de        0xc CMakeFiles/STM32f407vet6.dir/Core/Src/stm32f4xx_it.c.obj
                0x080082de                SysTick_Handler
 *fill*         0x080082ea        0x2 
 .text.TIM2_IRQHandler
                0x080082ec       0x14 CMakeFiles/STM32f407vet6.dir/Core/Src/stm32f4xx_it.c.obj
                0x080082ec                TIM2_IRQHandler
 .text.OTG_FS_IRQHandler
                0x08008300       0x14 CMakeFiles/STM32f407vet6.dir/Core/Src/stm32f4xx_it.c.obj
                0x08008300                OTG_FS_IRQHandler
 .text.HAL_MspInit
                0x08008314       0x50 CMakeFiles/STM32f407vet6.dir/Core/Src/stm32f4xx_hal_msp.c.obj
                0x08008314                HAL_MspInit
 .text.HAL_TIM_Base_MspInit
                0x08008364       0x4c CMakeFiles/STM32f407vet6.dir/Core/Src/stm32f4xx_hal_msp.c.obj
                0x08008364                HAL_TIM_Base_MspInit
 .text._sbrk    0x080083b0       0x6c CMakeFiles/STM32f407vet6.dir/Core/Src/sysmem.c.obj
                0x080083b0                _sbrk
 .text.Reset_Handler
                0x0800841c       0x50 CMakeFiles/STM32f407vet6.dir/startup_stm32f407xx.s.obj
                0x0800841c                Reset_Handler
 .text.Default_Handler
                0x0800846c        0x2 CMakeFiles/STM32f407vet6.dir/startup_stm32f407xx.s.obj
                0x0800846c                RTC_Alarm_IRQHandler
                0x0800846c                HASH_RNG_IRQHandler
                0x0800846c                EXTI2_IRQHandler
                0x0800846c                TIM8_CC_IRQHandler
                0x0800846c                TIM1_CC_IRQHandler
                0x0800846c                DMA2_Stream5_IRQHandler
                0x0800846c                DMA1_Stream5_IRQHandler
                0x0800846c                PVD_IRQHandler
                0x0800846c                SDIO_IRQHandler
                0x0800846c                TAMP_STAMP_IRQHandler
                0x0800846c                CAN2_RX1_IRQHandler
                0x0800846c                EXTI3_IRQHandler
                0x0800846c                TIM8_TRG_COM_TIM14_IRQHandler
                0x0800846c                TIM1_UP_TIM10_IRQHandler
                0x0800846c                TIM8_UP_TIM13_IRQHandler
                0x0800846c                I2C3_ER_IRQHandler
                0x0800846c                EXTI0_IRQHandler
                0x0800846c                I2C2_EV_IRQHandler
                0x0800846c                DMA1_Stream2_IRQHandler
                0x0800846c                CAN1_RX0_IRQHandler
                0x0800846c                FPU_IRQHandler
                0x0800846c                OTG_HS_WKUP_IRQHandler
                0x0800846c                CAN2_SCE_IRQHandler
                0x0800846c                DMA2_Stream2_IRQHandler
                0x0800846c                SPI1_IRQHandler
                0x0800846c                TIM6_DAC_IRQHandler
                0x0800846c                TIM1_BRK_TIM9_IRQHandler
                0x0800846c                DCMI_IRQHandler
                0x0800846c                CAN2_RX0_IRQHandler
                0x0800846c                DMA2_Stream3_IRQHandler
                0x0800846c                USART6_IRQHandler
                0x0800846c                USART3_IRQHandler
                0x0800846c                CAN1_RX1_IRQHandler
                0x0800846c                UART5_IRQHandler
                0x0800846c                DMA2_Stream0_IRQHandler
                0x0800846c                TIM4_IRQHandler
                0x0800846c                I2C1_EV_IRQHandler
                0x0800846c                DMA1_Stream6_IRQHandler
                0x0800846c                DMA1_Stream1_IRQHandler
                0x0800846c                UART4_IRQHandler
                0x0800846c                TIM3_IRQHandler
                0x0800846c                RCC_IRQHandler
                0x0800846c                TIM8_BRK_TIM12_IRQHandler
                0x0800846c                Default_Handler
                0x0800846c                EXTI15_10_IRQHandler
                0x0800846c                ADC_IRQHandler
                0x0800846c                DMA1_Stream7_IRQHandler
                0x0800846c                TIM7_IRQHandler
                0x0800846c                CAN2_TX_IRQHandler
                0x0800846c                TIM5_IRQHandler
                0x0800846c                DMA2_Stream7_IRQHandler
                0x0800846c                I2C3_EV_IRQHandler
                0x0800846c                EXTI9_5_IRQHandler
                0x0800846c                RTC_WKUP_IRQHandler
                0x0800846c                ETH_WKUP_IRQHandler
                0x0800846c                SPI2_IRQHandler
                0x0800846c                OTG_HS_EP1_IN_IRQHandler
                0x0800846c                DMA1_Stream0_IRQHandler
                0x0800846c                CAN1_TX_IRQHandler
                0x0800846c                EXTI4_IRQHandler
                0x0800846c                FSMC_IRQHandler
                0x0800846c                ETH_IRQHandler
                0x0800846c                OTG_HS_EP1_OUT_IRQHandler
                0x0800846c                WWDG_IRQHandler
                0x0800846c                OTG_FS_WKUP_IRQHandler
                0x0800846c                TIM1_TRG_COM_TIM11_IRQHandler
                0x0800846c                OTG_HS_IRQHandler
                0x0800846c                EXTI1_IRQHandler
                0x0800846c                USART2_IRQHandler
                0x0800846c                I2C2_ER_IRQHandler
                0x0800846c                DMA2_Stream1_IRQHandler
                0x0800846c                CAN1_SCE_IRQHandler
                0x0800846c                FLASH_IRQHandler
                0x0800846c                DMA2_Stream4_IRQHandler
                0x0800846c                USART1_IRQHandler
                0x0800846c                SPI3_IRQHandler
                0x0800846c                DMA1_Stream4_IRQHandler
                0x0800846c                I2C1_ER_IRQHandler
                0x0800846c                DMA2_Stream6_IRQHandler
                0x0800846c                DMA1_Stream3_IRQHandler
 *fill*         0x0800846e        0x2 
 .text.sin      0x08008470       0x88 C:/Users/Administrator/AppData/Local/stm32cube/bundles/gnu-tools-for-stm32/14.3.1+st.2/bin/../lib/gcc/arm-none-eabi/14.3.1/../../../../arm-none-eabi/lib/thumb/v7e-m+fp/hard\libm.a(libm_a-s_sin.o)
                0x08008470                sin
 .text.__kernel_cos
                0x080084f8      0x26c C:/Users/Administrator/AppData/Local/stm32cube/bundles/gnu-tools-for-stm32/14.3.1+st.2/bin/../lib/gcc/arm-none-eabi/14.3.1/../../../../arm-none-eabi/lib/thumb/v7e-m+fp/hard\libm.a(libm_a-k_cos.o)
                0x080084f8                __kernel_cos
 *fill*         0x08008764        0x4 
 .text.__kernel_sin
                0x08008768      0x184 C:/Users/Administrator/AppData/Local/stm32cube/bundles/gnu-tools-for-stm32/14.3.1+st.2/bin/../lib/gcc/arm-none-eabi/14.3.1/../../../../arm-none-eabi/lib/thumb/v7e-m+fp/hard\libm.a(libm_a-k_sin.o)
                0x08008768                __kernel_sin
 *fill*         0x080088ec        0x4 
 .text.__ieee754_rem_pio2
                0x080088f0      0x424 C:/Users/Administrator/AppData/Local/stm32cube/bundles/gnu-tools-for-stm32/14.3.1+st.2/bin/../lib/gcc/arm-none-eabi/14.3.1/../../../../arm-none-eabi/lib/thumb/v7e-m+fp/hard\libm.a(libm_a-e_rem_pio2.o)
                0x080088f0                __ieee754_rem_pio2
 .text.fabs     0x08008d14       0x10 C:/Users/Administrator/AppData/Local/stm32cube/bundles/gnu-tools-for-stm32/14.3.1+st.2/bin/../lib/gcc/arm-none-eabi/14.3.1/../../../../arm-none-eabi/lib/thumb/v7e-m+fp/hard\libm.a(libm_a-s_fabs.o)
                0x08008d14                fabs
 *fill*         0x08008d24        0x4 
 .text.__kernel_rem_pio2
                0x08008d28      0x888 C:/Users/Administrator/AppData/Local/stm32cube/bundles/gnu-tools-for-stm32/14.3.1+st.2/bin/../lib/gcc/arm-none-eabi/14.3.1/../../../../arm-none-eabi/lib/thumb/v7e-m+fp/hard\libm.a(libm_a-k_rem_pio2.o)
                0x08008d28                __kernel_rem_pio2
 .text.scalbn   0x080095b0      0x114 C:/Users/Administrator/AppData/Local/stm32cube/bundles/gnu-tools-for-stm32/14.3.1+st.2/bin/../lib/gcc/arm-none-eabi/14.3.1/../../../../arm-none-eabi/lib/thumb/v7e-m+fp/hard\libm.a(libm_a-s_scalbn.o)
                0x080095b0                scalbn
 *fill*         0x080096c4        0x4 
 .text.floor    0x080096c8      0x108 C:/Users/Administrator/AppData/Local/stm32cube/bundles/gnu-tools-for-stm32/14.3.1+st.2/bin/../lib/gcc/arm-none-eabi/14.3.1/../../../../arm-none-eabi/lib/thumb/v7e-m+fp/hard\libm.a(libm_a-s_floor.o)
                0x080096c8                floor
 .text.sprintf  0x080097d0       0x44 C:/Users/Administrator/AppData/Local/stm32cube/bundles/gnu-tools-for-stm32/14.3.1+st.2/bin/../lib/gcc/arm-none-eabi/14.3.1/../../../../arm-none-eabi/lib/thumb/v7e-m+fp/hard\libg_nano.a(libc_a-sprintf.o)
                0x080097d0                siprintf
                0x080097d0                sprintf
 .text.memset   0x08009814       0x10 C:/Users/Administrator/AppData/Local/stm32cube/bundles/gnu-tools-for-stm32/14.3.1+st.2/bin/../lib/gcc/arm-none-eabi/14.3.1/../../../../arm-none-eabi/lib/thumb/v7e-m+fp/hard\libg_nano.a(libc_a-memset.o)
                0x08009814                memset
 .text.strncmp  0x08009824       0x24 C:/Users/Administrator/AppData/Local/stm32cube/bundles/gnu-tools-for-stm32/14.3.1+st.2/bin/../lib/gcc/arm-none-eabi/14.3.1/../../../../arm-none-eabi/lib/thumb/v7e-m+fp/hard\libg_nano.a(libc_a-strncmp.o)
                0x08009824                strncmp
 .text.__errno  0x08009848        0xc C:/Users/Administrator/AppData/Local/stm32cube/bundles/gnu-tools-for-stm32/14.3.1+st.2/bin/../lib/gcc/arm-none-eabi/14.3.1/../../../../arm-none-eabi/lib/thumb/v7e-m+fp/hard\libg_nano.a(libc_a-errno.o)
                0x08009848                __errno
 .text.__libc_init_array
                0x08009854       0x48 C:/Users/Administrator/AppData/Local/stm32cube/bundles/gnu-tools-for-stm32/14.3.1+st.2/bin/../lib/gcc/arm-none-eabi/14.3.1/../../../../arm-none-eabi/lib/thumb/v7e-m+fp/hard\libg_nano.a(libc_a-init.o)
                0x08009854                __libc_init_array
 .text.__retarget_lock_acquire_recursive
                0x0800989c        0x2 C:/Users/Administrator/AppData/Local/stm32cube/bundles/gnu-tools-for-stm32/14.3.1+st.2/bin/../lib/gcc/arm-none-eabi/14.3.1/../../../../arm-none-eabi/lib/thumb/v7e-m+fp/hard\libg_nano.a(libc_a-lock.o)
                0x0800989c                __retarget_lock_acquire_recursive
 .text.__retarget_lock_release_recursive
                0x0800989e        0x2 C:/Users/Administrator/AppData/Local/stm32cube/bundles/gnu-tools-for-stm32/14.3.1+st.2/bin/../lib/gcc/arm-none-eabi/14.3.1/../../../../arm-none-eabi/lib/thumb/v7e-m+fp/hard\libg_nano.a(libc_a-lock.o)
                0x0800989e                __retarget_lock_release_recursive
 .text._free_r  0x080098a0       0x94 C:/Users/Administrator/AppData/Local/stm32cube/bundles/gnu-tools-for-stm32/14.3.1+st.2/bin/../lib/gcc/arm-none-eabi/14.3.1/../../../../arm-none-eabi/lib/thumb/v7e-m+fp/hard\libg_nano.a(libc_a-freer.o)
                0x080098a0                _free_r
 .text.sbrk_aligned
                0x08009934       0x44 C:/Users/Administrator/AppData/Local/stm32cube/bundles/gnu-tools-for-stm32/14.3.1+st.2/bin/../lib/gcc/arm-none-eabi/14.3.1/../../../../arm-none-eabi/lib/thumb/v7e-m+fp/hard\libg_nano.a(libc_a-mallocr.o)
 .text._malloc_r
                0x08009978      0x100 C:/Users/Administrator/AppData/Local/stm32cube/bundles/gnu-tools-for-stm32/14.3.1+st.2/bin/../lib/gcc/arm-none-eabi/14.3.1/../../../../arm-none-eabi/lib/thumb/v7e-m+fp/hard\libg_nano.a(libc_a-mallocr.o)
                0x08009978                _malloc_r
 .text.__malloc_lock
                0x08009a78        0xc C:/Users/Administrator/AppData/Local/stm32cube/bundles/gnu-tools-for-stm32/14.3.1+st.2/bin/../lib/gcc/arm-none-eabi/14.3.1/../../../../arm-none-eabi/lib/thumb/v7e-m+fp/hard\libg_nano.a(libc_a-mlock.o)
                0x08009a78                __malloc_lock
 .text.__malloc_unlock
                0x08009a84        0xc C:/Users/Administrator/AppData/Local/stm32cube/bundles/gnu-tools-for-stm32/14.3.1+st.2/bin/../lib/gcc/arm-none-eabi/14.3.1/../../../../arm-none-eabi/lib/thumb/v7e-m+fp/hard\libg_nano.a(libc_a-mlock.o)
                0x08009a84                __malloc_unlock
 .text.__ssputs_r
                0x08009a90       0xc0 C:/Users/Administrator/AppData/Local/stm32cube/bundles/gnu-tools-for-stm32/14.3.1+st.2/bin/../lib/gcc/arm-none-eabi/14.3.1/../../../../arm-none-eabi/lib/thumb/v7e-m+fp/hard\libg_nano.a(libc_a-nano-svfprintf.o)
                0x08009a90                __ssputs_r
 .text._svfprintf_r
                0x08009b50      0x1f0 C:/Users/Administrator/AppData/Local/stm32cube/bundles/gnu-tools-for-stm32/14.3.1+st.2/bin/../lib/gcc/arm-none-eabi/14.3.1/../../../../arm-none-eabi/lib/thumb/v7e-m+fp/hard\libg_nano.a(libc_a-nano-svfprintf.o)
                0x08009b50                _svfiprintf_r
                0x08009b50                _svfprintf_r
 .text._printf_common
                0x08009d40       0xda C:/Users/Administrator/AppData/Local/stm32cube/bundles/gnu-tools-for-stm32/14.3.1+st.2/bin/../lib/gcc/arm-none-eabi/14.3.1/../../../../arm-none-eabi/lib/thumb/v7e-m+fp/hard\libg_nano.a(libc_a-nano-vfprintf_i.o)
                0x08009d40                _printf_common
 *fill*         0x08009e1a        0x2 
 .text._printf_i
                0x08009e1c      0x24c C:/Users/Administrator/AppData/Local/stm32cube/bundles/gnu-tools-for-stm32/14.3.1+st.2/bin/../lib/gcc/arm-none-eabi/14.3.1/../../../../arm-none-eabi/lib/thumb/v7e-m+fp/hard\libg_nano.a(libc_a-nano-vfprintf_i.o)
                0x08009e1c                _printf_i
 .text.memmove  0x0800a068       0x32 C:/Users/Administrator/AppData/Local/stm32cube/bundles/gnu-tools-for-stm32/14.3.1+st.2/bin/../lib/gcc/arm-none-eabi/14.3.1/../../../../arm-none-eabi/lib/thumb/v7e-m+fp/hard\libg_nano.a(libc_a-memmove.o)
                0x0800a068                memmove
 *fill*         0x0800a09a        0x2 
 .text._sbrk_r  0x0800a09c       0x20 C:/Users/Administrator/AppData/Local/stm32cube/bundles/gnu-tools-for-stm32/14.3.1+st.2/bin/../lib/gcc/arm-none-eabi/14.3.1/../../../../arm-none-eabi/lib/thumb/v7e-m+fp/hard\libg_nano.a(libc_a-sbrkr.o)
                0x0800a09c                _sbrk_r
 .text.memcpy   0x0800a0bc       0x1c C:/Users/Administrator/AppData/Local/stm32cube/bundles/gnu-tools-for-stm32/14.3.1+st.2/bin/../lib/gcc/arm-none-eabi/14.3.1/../../../../arm-none-eabi/lib/thumb/v7e-m+fp/hard\libg_nano.a(libc_a-memcpy-stub.o)
                0x0800a0bc                memcpy
 .text._realloc_r
                0x0800a0d8       0x5c C:/Users/Administrator/AppData/Local/stm32cube/bundles/gnu-tools-for-stm32/14.3.1+st.2/bin/../lib/gcc/arm-none-eabi/14.3.1/../../../../arm-none-eabi/lib/thumb/v7e-m+fp/hard\libg_nano.a(libc_a-reallocr.o)
                0x0800a0d8                _realloc_r
 .text._malloc_usable_size_r
                0x0800a134       0x10 C:/Users/Administrator/AppData/Local/stm32cube/bundles/gnu-tools-for-stm32/14.3.1+st.2/bin/../lib/gcc/arm-none-eabi/14.3.1/../../../../arm-none-eabi/lib/thumb/v7e-m+fp/hard\libg_nano.a(libc_a-msizer.o)
                0x0800a134                _malloc_usable_size_r
 *(.glue_7)
 .glue_7        0x0800a144        0x0 linker stubs
 *(.glue_7t)
 .glue_7t       0x0800a144        0x0 linker stubs
 *(.eh_frame)
 .eh_frame      0x0800a144        0x0 C:/Users/Administrator/AppData/Local/stm32cube/bundles/gnu-tools-for-stm32/14.3.1+st.2/bin/../lib/gcc/arm-none-eabi/14.3.1/thumb/v7e-m+fp/hard/crtbegin.o
 *(.init)
 .init          0x0800a144        0x4 C:/Users/Administrator/AppData/Local/stm32cube/bundles/gnu-tools-for-stm32/14.3.1+st.2/bin/../lib/gcc/arm-none-eabi/14.3.1/thumb/v7e-m+fp/hard/crti.o
                0x0800a144                _init
 .init          0x0800a148        0x8 C:/Users/Administrator/AppData/Local/stm32cube/bundles/gnu-tools-for-stm32/14.3.1+st.2/bin/../lib/gcc/arm-none-eabi/14.3.1/thumb/v7e-m+fp/hard/crtn.o
 *(.fini)
 .fini          0x0800a150        0x4 C:/Users/Administrator/AppData/Local/stm32cube/bundles/gnu-tools-for-stm32/14.3.1+st.2/bin/../lib/gcc/arm-none-eabi/14.3.1/thumb/v7e-m+fp/hard/crti.o
                0x0800a150                _fini
 .fini          0x0800a154        0x8 C:/Users/Administrator/AppData/Local/stm32cube/bundles/gnu-tools-for-stm32/14.3.1+st.2/bin/../lib/gcc/arm-none-eabi/14.3.1/thumb/v7e-m+fp/hard/crtn.o
                0x0800a15c                        . = ALIGN (0x4)
                0x0800a15c                        _etext = .

.vfp11_veneer   0x0800a15c        0x0
 .vfp11_veneer  0x0800a15c        0x0 linker stubs

.v4_bx          0x0800a15c        0x0
 .v4_bx         0x0800a15c        0x0 linker stubs

.iplt           0x0800a15c        0x0
 .iplt          0x0800a15c        0x0 C:/Users/Administrator/AppData/Local/stm32cube/bundles/gnu-tools-for-stm32/14.3.1+st.2/bin/../lib/gcc/arm-none-eabi/14.3.1/thumb/v7e-m+fp/hard/crtbegin.o

.rodata         0x0800a160      0x2cc
                0x0800a160                        . = ALIGN (0x4)
 *(.rodata)
 .rodata        0x0800a160       0x46 CMakeFiles/STM32f407vet6.dir/USB_DEVICE/App/usbd_desc.c.obj
 *fill*         0x0800a1a6        0x2 
 .rodata        0x0800a1a8       0x68 CMakeFiles/STM32f407vet6.dir/Core/Src/main.c.obj
 *(.rodata*)
 .rodata.AHBPrescTable
                0x0800a210       0x10 cmake/stm32cubemx/CMakeFiles/STM32_Drivers.dir/__/__/Core/Src/system_stm32f4xx.c.obj
                0x0800a210                AHBPrescTable
 .rodata.npio2_hw
                0x0800a220       0x80 C:/Users/Administrator/AppData/Local/stm32cube/bundles/gnu-tools-for-stm32/14.3.1+st.2/bin/../lib/gcc/arm-none-eabi/14.3.1/../../../../arm-none-eabi/lib/thumb/v7e-m+fp/hard\libm.a(libm_a-e_rem_pio2.o)
 .rodata.two_over_pi
                0x0800a2a0      0x108 C:/Users/Administrator/AppData/Local/stm32cube/bundles/gnu-tools-for-stm32/14.3.1+st.2/bin/../lib/gcc/arm-none-eabi/14.3.1/../../../../arm-none-eabi/lib/thumb/v7e-m+fp/hard\libm.a(libm_a-e_rem_pio2.o)
 .rodata.PIo2   0x0800a3a8       0x40 C:/Users/Administrator/AppData/Local/stm32cube/bundles/gnu-tools-for-stm32/14.3.1+st.2/bin/../lib/gcc/arm-none-eabi/14.3.1/../../../../arm-none-eabi/lib/thumb/v7e-m+fp/hard\libm.a(libm_a-k_rem_pio2.o)
 .rodata.init_jk
                0x0800a3e8       0x10 C:/Users/Administrator/AppData/Local/stm32cube/bundles/gnu-tools-for-stm32/14.3.1+st.2/bin/../lib/gcc/arm-none-eabi/14.3.1/../../../../arm-none-eabi/lib/thumb/v7e-m+fp/hard\libm.a(libm_a-k_rem_pio2.o)
 .rodata._svfprintf_r.str1.1
                0x0800a3f8       0x33 C:/Users/Administrator/AppData/Local/stm32cube/bundles/gnu-tools-for-stm32/14.3.1+st.2/bin/../lib/gcc/arm-none-eabi/14.3.1/../../../../arm-none-eabi/lib/thumb/v7e-m+fp/hard\libg_nano.a(libc_a-nano-svfprintf.o)
                                 0x11 (size before relaxing)
 .rodata._printf_i.str1.1
                0x0800a42b       0x22 C:/Users/Administrator/AppData/Local/stm32cube/bundles/gnu-tools-for-stm32/14.3.1+st.2/bin/../lib/gcc/arm-none-eabi/14.3.1/../../../../arm-none-eabi/lib/thumb/v7e-m+fp/hard\libg_nano.a(libc_a-nano-vfprintf_i.o)
                0x0800a450                        . = ALIGN (0x4)
 *fill*         0x0800a42b        0x1 

.ARM.extab      0x0800a42c        0x0
                0x0800a42c                        . = ALIGN (0x4)
 *(.ARM.extab* .gnu.linkonce.armextab.*)
                0x0800a42c                        . = ALIGN (0x4)

.ARM            0x0800a42c        0x8
                0x0800a42c                        . = ALIGN (0x4)
                0x0800a42c                        __exidx_start = .
 *(.ARM.exidx*)
 .ARM.exidx     0x0800a42c        0x8 C:/Users/Administrator/AppData/Local/stm32cube/bundles/gnu-tools-for-stm32/14.3.1+st.2/bin/../lib/gcc/arm-none-eabi/14.3.1/thumb/v7e-m+fp/hard\libgcc.a(_udivmoddi4.o)
 .ARM.exidx     0x0800a434        0x0 C:/Users/Administrator/AppData/Local/stm32cube/bundles/gnu-tools-for-stm32/14.3.1+st.2/bin/../lib/gcc/arm-none-eabi/14.3.1/../../../../arm-none-eabi/lib/thumb/v7e-m+fp/hard\libg_nano.a(libc_a-strcmp.o)
                                  0x8 (size before relaxing)
 .ARM.exidx     0x0800a434        0x0 C:/Users/Administrator/AppData/Local/stm32cube/bundles/gnu-tools-for-stm32/14.3.1+st.2/bin/../lib/gcc/arm-none-eabi/14.3.1/../../../../arm-none-eabi/lib/thumb/v7e-m+fp/hard\libg_nano.a(libc_a-memchr.o)
                                  0x8 (size before relaxing)
                0x0800a434                        __exidx_end = .
                0x0800a434                        . = ALIGN (0x4)

.preinit_array  0x0800a434        0x0
                0x0800a434                        . = ALIGN (0x4)
                0x0800a434                        PROVIDE (__preinit_array_start = .)
 *(.preinit_array*)
                0x0800a434                        PROVIDE (__preinit_array_end = .)
                0x0800a434                        . = ALIGN (0x4)

.init_array     0x0800a434        0x4
                0x0800a434                        . = ALIGN (0x4)
                0x0800a434                        PROVIDE (__init_array_start = .)
 *(SORT_BY_NAME(.init_array.*))
 *(.init_array*)
 .init_array    0x0800a434        0x4 C:/Users/Administrator/AppData/Local/stm32cube/bundles/gnu-tools-for-stm32/14.3.1+st.2/bin/../lib/gcc/arm-none-eabi/14.3.1/thumb/v7e-m+fp/hard/crtbegin.o
                0x0800a438                        PROVIDE (__init_array_end = .)
                0x0800a438                        . = ALIGN (0x4)

.fini_array     0x0800a438        0x4
                0x0800a438                        . = ALIGN (0x4)
                [!provide]                        PROVIDE (__fini_array_start = .)
 *(SORT_BY_NAME(.fini_array.*))
 *(.fini_array*)
 .fini_array    0x0800a438        0x4 C:/Users/Administrator/AppData/Local/stm32cube/bundles/gnu-tools-for-stm32/14.3.1+st.2/bin/../lib/gcc/arm-none-eabi/14.3.1/thumb/v7e-m+fp/hard/crtbegin.o
                [!provide]                        PROVIDE (__fini_array_end = .)
                0x0800a43c                        . = ALIGN (0x4)
                0x0800a43c                        _siccmram = LOADADDR (.ccmram)

.rel.dyn        0x0800a43c        0x0
 .rel.iplt      0x0800a43c        0x0 C:/Users/Administrator/AppData/Local/stm32cube/bundles/gnu-tools-for-stm32/14.3.1+st.2/bin/../lib/gcc/arm-none-eabi/14.3.1/thumb/v7e-m+fp/hard/crtbegin.o

.ccmram         0x10000000        0x0 load address 0x0800a43c
                0x10000000                        . = ALIGN (0x4)
                0x10000000                        _sccmram = .
 *(.ccmram)
 *(.ccmram*)
                0x10000000                        . = ALIGN (0x4)
                0x10000000                        _eccmram = .
                0x0800a43c                        _sidata = LOADADDR (.data)

.data           0x20000000      0x14c load address 0x0800a43c
                0x20000000                        . = ALIGN (0x4)
                0x20000000                        _sdata = .
 *(.data)
 *(.data*)
 .data.SystemCoreClock
                0x20000000        0x4 cmake/stm32cubemx/CMakeFiles/STM32_Drivers.dir/__/__/Core/Src/system_stm32f4xx.c.obj
                0x20000000                SystemCoreClock
 .data.uwTickPrio
                0x20000004        0x4 cmake/stm32cubemx/CMakeFiles/STM32_Drivers.dir/__/__/Drivers/STM32F4xx_HAL_Driver/Src/stm32f4xx_hal.c.obj
                0x20000004                uwTickPrio
 .data.uwTickFreq
                0x20000008        0x1 cmake/stm32cubemx/CMakeFiles/STM32_Drivers.dir/__/__/Drivers/STM32F4xx_HAL_Driver/Src/stm32f4xx_hal.c.obj
                0x20000008                uwTickFreq
 *fill*         0x20000009        0x3 
 .data.USBD_CDC_DeviceQualifierDesc
                0x2000000c        0xa cmake/stm32cubemx/CMakeFiles/USB_Device_Library.dir/__/__/Middlewares/ST/STM32_USB_Device_Library/Class/CDC/Src/usbd_cdc.c.obj
 *fill*         0x20000016        0x2 
 .data.USBD_CDC
                0x20000018       0x38 cmake/stm32cubemx/CMakeFiles/USB_Device_Library.dir/__/__/Middlewares/ST/STM32_USB_Device_Library/Class/CDC/Src/usbd_cdc.c.obj
                0x20000018                USBD_CDC
 .data.USBD_CDC_CfgDesc
                0x20000050       0x43 cmake/stm32cubemx/CMakeFiles/USB_Device_Library.dir/__/__/Middlewares/ST/STM32_USB_Device_Library/Class/CDC/Src/usbd_cdc.c.obj
 .data.CDCInEpAdd
                0x20000093        0x1 cmake/stm32cubemx/CMakeFiles/USB_Device_Library.dir/__/__/Middlewares/ST/STM32_USB_Device_Library/Class/CDC/Src/usbd_cdc.c.obj
 .data.CDCOutEpAdd
                0x20000094        0x1 cmake/stm32cubemx/CMakeFiles/USB_Device_Library.dir/__/__/Middlewares/ST/STM32_USB_Device_Library/Class/CDC/Src/usbd_cdc.c.obj
 .data.CDCCmdEpAdd
                0x20000095        0x1 cmake/stm32cubemx/CMakeFiles/USB_Device_Library.dir/__/__/Middlewares/ST/STM32_USB_Device_Library/Class/CDC/Src/usbd_cdc.c.obj
 *fill*         0x20000096        0x2 
 .data.FS_Desc  0x20000098       0x1c CMakeFiles/STM32f407vet6.dir/USB_DEVICE/App/usbd_desc.c.obj
                0x20000098                FS_Desc
 .data.USBD_FS_DeviceDesc
                0x200000b4       0x12 CMakeFiles/STM32f407vet6.dir/USB_DEVICE/App/usbd_desc.c.obj
                0x200000b4                USBD_FS_DeviceDesc
 *fill*         0x200000c6        0x2 
 .data.USBD_LangIDDesc
                0x200000c8        0x4 CMakeFiles/STM32f407vet6.dir/USB_DEVICE/App/usbd_desc.c.obj
                0x200000c8                USBD_LangIDDesc
 .data.USBD_StringSerial
                0x200000cc       0x1a CMakeFiles/STM32f407vet6.dir/USB_DEVICE/App/usbd_desc.c.obj
                0x200000cc                USBD_StringSerial
 *fill*         0x200000e6        0x2 
 .data.USBD_Interface_fops_FS
                0x200000e8       0x14 CMakeFiles/STM32f407vet6.dir/USB_DEVICE/App/usbd_cdc_if.c.obj
                0x200000e8                USBD_Interface_fops_FS
 .data._impure_ptr
                0x200000fc        0x4 C:/Users/Administrator/AppData/Local/stm32cube/bundles/gnu-tools-for-stm32/14.3.1+st.2/bin/../lib/gcc/arm-none-eabi/14.3.1/../../../../arm-none-eabi/lib/thumb/v7e-m+fp/hard\libg_nano.a(libc_a-impure.o)
                0x200000fc                _impure_ptr
 .data._impure_data
                0x20000100       0x4c C:/Users/Administrator/AppData/Local/stm32cube/bundles/gnu-tools-for-stm32/14.3.1+st.2/bin/../lib/gcc/arm-none-eabi/14.3.1/../../../../arm-none-eabi/lib/thumb/v7e-m+fp/hard\libg_nano.a(libc_a-impure.o)
                0x20000100                _impure_data
 *(.RamFunc)
 *(.RamFunc*)
                0x2000014c                        . = ALIGN (0x4)

.igot.plt       0x2000014c        0x0 load address 0x0800a588
 .igot.plt      0x2000014c        0x0 C:/Users/Administrator/AppData/Local/stm32cube/bundles/gnu-tools-for-stm32/14.3.1+st.2/bin/../lib/gcc/arm-none-eabi/14.3.1/thumb/v7e-m+fp/hard/crtbegin.o

.tdata          0x2000014c        0x0 load address 0x0800a588
 *(.tdata .tdata.* .gnu.linkonce.td.*)
                0x2000014c                        . = ALIGN (0x4)
                0x2000014c                        _edata = .
                [!provide]                        PROVIDE (__data_end = .)
                [!provide]                        PROVIDE (__tdata_end = .)
                [!provide]                        PROVIDE (__tdata_start = ADDR (.tdata))
                [!provide]                        PROVIDE (__tdata_size = (__tdata_end - __tdata_start))
                [!provide]                        PROVIDE (__data_start = ADDR (.data))
                [!provide]                        PROVIDE (__data_size = (__data_end - __data_start))
                [!provide]                        PROVIDE (__tdata_source = LOADADDR (.tdata))
                [!provide]                        PROVIDE (__tdata_source_end = (LOADADDR (.tdata) + SIZEOF (.tdata)))
                [!provide]                        PROVIDE (__tdata_source_size = (__tdata_source_end - __tdata_source))
                [!provide]                        PROVIDE (__data_source = LOADADDR (.data))
                [!provide]                        PROVIDE (__data_source_end = __tdata_source_end)
                [!provide]                        PROVIDE (__data_source_size = (__data_source_end - __data_source))

.tbss           0x2000014c        0x0 load address 0x0800a588
                0x2000014c                        _sbss = .
                0x2000014c                        __bss_start__ = _sbss
 *(.tbss .tbss.*)
                0x2000014c                        . = ALIGN (0x4)
                [!provide]                        PROVIDE (__tbss_end = .)
                [!provide]                        PROVIDE (__tbss_start = ADDR (.tbss))
                [!provide]                        PROVIDE (__tbss_size = (__tbss_end - __tbss_start))
                [!provide]                        PROVIDE (__tbss_offset = (ADDR (.tbss) - ADDR (.tdata)))
                [!provide]                        PROVIDE (__tls_base = __tdata_start)
                [!provide]                        PROVIDE (__tls_end = __tbss_end)
                [!provide]                        PROVIDE (__tls_size = (__tls_end - __tls_base))
                [!provide]                        PROVIDE (__tls_align = MAX (ALIGNOF (.tdata), ALIGNOF (.tbss)))
                [!provide]                        PROVIDE (__tls_size_align = (((__tls_size + __tls_align) - 0x1) & ~ ((__tls_align - 0x1))))
                [!provide]                        PROVIDE (__arm32_tls_tcb_offset = MAX (0x8, __tls_align))
                [!provide]                        PROVIDE (__arm64_tls_tcb_offset = MAX (0x10, __tls_align))

.bss            0x2000014c     0x1db8 load address 0x0800a588
 *(.bss)
 .bss           0x2000014c       0x1c C:/Users/Administrator/AppData/Local/stm32cube/bundles/gnu-tools-for-stm32/14.3.1+st.2/bin/../lib/gcc/arm-none-eabi/14.3.1/thumb/v7e-m+fp/hard/crtbegin.o
 *(.bss*)
 .bss.uwTick    0x20000168        0x4 cmake/stm32cubemx/CMakeFiles/STM32_Drivers.dir/__/__/Drivers/STM32F4xx_HAL_Driver/Src/stm32f4xx_hal.c.obj
                0x20000168                uwTick
 .bss.cfgidx.0  0x2000016c        0x1 cmake/stm32cubemx/CMakeFiles/USB_Device_Library.dir/__/__/Middlewares/ST/STM32_USB_Device_Library/Core/Src/usbd_ctlreq.c.obj
 *fill*         0x2000016d        0x3 
 .bss.hpcd_USB_OTG_FS
                0x20000170      0x4e4 CMakeFiles/STM32f407vet6.dir/USB_DEVICE/Target/usbd_conf.c.obj
                0x20000170                hpcd_USB_OTG_FS
 .bss.mem.0     0x20000654      0x220 CMakeFiles/STM32f407vet6.dir/USB_DEVICE/Target/usbd_conf.c.obj
 .bss.hUsbDeviceFS
                0x20000874      0x2dc CMakeFiles/STM32f407vet6.dir/USB_DEVICE/App/usb_device.c.obj
                0x20000874                hUsbDeviceFS
 .bss.USBD_StrDesc
                0x20000b50      0x200 CMakeFiles/STM32f407vet6.dir/USB_DEVICE/App/usbd_desc.c.obj
                0x20000b50                USBD_StrDesc
 .bss.UserRxBufferFS
                0x20000d50      0x800 CMakeFiles/STM32f407vet6.dir/USB_DEVICE/App/usbd_cdc_if.c.obj
                0x20000d50                UserRxBufferFS
 .bss.UserTxBufferFS
                0x20001550      0x800 CMakeFiles/STM32f407vet6.dir/USB_DEVICE/App/usbd_cdc_if.c.obj
                0x20001550                UserTxBufferFS
 .bss.htim2     0x20001d50       0x48 CMakeFiles/STM32f407vet6.dir/Core/Src/main.c.obj
                0x20001d50                htim2
 .bss.system_tick
                0x20001d98        0x4 CMakeFiles/STM32f407vet6.dir/Core/Src/main.c.obj
                0x20001d98                system_tick
 .bss.run_seconds
                0x20001d9c        0x4 CMakeFiles/STM32f407vet6.dir/Core/Src/main.c.obj
                0x20001d9c                run_seconds
 .bss.led_state
                0x20001da0        0x1 CMakeFiles/STM32f407vet6.dir/Core/Src/main.c.obj
                0x20001da0                led_state
 .bss.led_twinkle_mode
                0x20001da1        0x1 CMakeFiles/STM32f407vet6.dir/Core/Src/main.c.obj
                0x20001da1                led_twinkle_mode
 .bss.sinx_mode
                0x20001da2        0x1 CMakeFiles/STM32f407vet6.dir/Core/Src/main.c.obj
                0x20001da2                sinx_mode
 *fill*         0x20001da3        0x1 
 .bss.sinx_angle
                0x20001da4        0x4 CMakeFiles/STM32f407vet6.dir/Core/Src/main.c.obj
                0x20001da4                sinx_angle
 .bss.send_counter
                0x20001da8        0x2 CMakeFiles/STM32f407vet6.dir/Core/Src/main.c.obj
                0x20001da8                send_counter
 .bss.led_twinkle_counter
                0x20001daa        0x2 CMakeFiles/STM32f407vet6.dir/Core/Src/main.c.obj
                0x20001daa                led_twinkle_counter
 .bss.protocol_mode
                0x20001dac        0x1 CMakeFiles/STM32f407vet6.dir/Core/Src/main.c.obj
                0x20001dac                protocol_mode
 *fill*         0x20001dad        0x3 
 .bss.last_send.1
                0x20001db0        0x4 CMakeFiles/STM32f407vet6.dir/Core/Src/main.c.obj
 .bss.last_toggle.0
                0x20001db4        0x4 CMakeFiles/STM32f407vet6.dir/Core/Src/main.c.obj
 .bss.__sbrk_heap_end
                0x20001db8        0x4 CMakeFiles/STM32f407vet6.dir/Core/Src/sysmem.c.obj
 .bss.__sf      0x20001dbc      0x138 C:/Users/Administrator/AppData/Local/stm32cube/bundles/gnu-tools-for-stm32/14.3.1+st.2/bin/../lib/gcc/arm-none-eabi/14.3.1/../../../../arm-none-eabi/lib/thumb/v7e-m+fp/hard\libg_nano.a(libc_a-findfp.o)
                0x20001dbc                __sf
 .bss.errno     0x20001ef4        0x4 C:/Users/Administrator/AppData/Local/stm32cube/bundles/gnu-tools-for-stm32/14.3.1+st.2/bin/../lib/gcc/arm-none-eabi/14.3.1/../../../../arm-none-eabi/lib/thumb/v7e-m+fp/hard\libg_nano.a(libc_a-reent.o)
                0x20001ef4                errno
 .bss.__lock___malloc_recursive_mutex
                0x20001ef8        0x1 C:/Users/Administrator/AppData/Local/stm32cube/bundles/gnu-tools-for-stm32/14.3.1+st.2/bin/../lib/gcc/arm-none-eabi/14.3.1/../../../../arm-none-eabi/lib/thumb/v7e-m+fp/hard\libg_nano.a(libc_a-lock.o)
                0x20001ef8                __lock___malloc_recursive_mutex
 *fill*         0x20001ef9        0x3 
 .bss.__malloc_sbrk_start
                0x20001efc        0x4 C:/Users/Administrator/AppData/Local/stm32cube/bundles/gnu-tools-for-stm32/14.3.1+st.2/bin/../lib/gcc/arm-none-eabi/14.3.1/../../../../arm-none-eabi/lib/thumb/v7e-m+fp/hard\libg_nano.a(libc_a-mallocr.o)
                0x20001efc                __malloc_sbrk_start
 .bss.__malloc_free_list
                0x20001f00        0x4 C:/Users/Administrator/AppData/Local/stm32cube/bundles/gnu-tools-for-stm32/14.3.1+st.2/bin/../lib/gcc/arm-none-eabi/14.3.1/../../../../arm-none-eabi/lib/thumb/v7e-m+fp/hard\libg_nano.a(libc_a-mallocr.o)
                0x20001f00                __malloc_free_list
 *(COMMON)
                0x20001f04                        . = ALIGN (0x4)
                0x20001f04                        _ebss = .
                0x20001f04                        __bss_end__ = _ebss
                [!provide]                        PROVIDE (__bss_end = .)
                [!provide]                        PROVIDE (__non_tls_bss_start = ADDR (.bss))
                [!provide]                        PROVIDE (__bss_start = __tbss_start)
                [!provide]                        PROVIDE (__bss_size = (__bss_end - __bss_start))

._user_heap_stack
                0x20001f04      0x604 load address 0x0800a588
                0x20001f08                        . = ALIGN (0x8)
 *fill*         0x20001f04        0x4 
                [!provide]                        PROVIDE (end = .)
                0x20001f08                        PROVIDE (_end = .)
                0x20002108                        . = (. + _Min_Heap_Size)
 *fill*         0x20001f08      0x200 
                0x20002508                        . = (. + _Min_Stack_Size)
 *fill*         0x20002108      0x400 
                0x20002508                        . = ALIGN (0x8)

/DISCARD/
 libc.a:*(*)
 libm.a:*(*)
 libgcc.a:*(*)
OUTPUT(STM32f407vet6.elf elf32-littlearm)
LOAD linker stubs

.ARM.attributes
                0x00000000       0x30
 .ARM.attributes
                0x00000000       0x22 C:/Users/Administrator/AppData/Local/stm32cube/bundles/gnu-tools-for-stm32/14.3.1+st.2/bin/../lib/gcc/arm-none-eabi/14.3.1/thumb/v7e-m+fp/hard/crti.o
 .ARM.attributes
                0x00000022       0x34 C:/Users/Administrator/AppData/Local/stm32cube/bundles/gnu-tools-for-stm32/14.3.1+st.2/bin/../lib/gcc/arm-none-eabi/14.3.1/thumb/v7e-m+fp/hard/crtbegin.o
 .ARM.attributes
                0x00000056       0x34 cmake/stm32cubemx/CMakeFiles/STM32_Drivers.dir/__/__/Core/Src/system_stm32f4xx.c.obj
 .ARM.attributes
                0x0000008a       0x34 cmake/stm32cubemx/CMakeFiles/STM32_Drivers.dir/__/__/Drivers/STM32F4xx_HAL_Driver/Src/stm32f4xx_hal_pcd.c.obj
 .ARM.attributes
                0x000000be       0x34 cmake/stm32cubemx/CMakeFiles/STM32_Drivers.dir/__/__/Drivers/STM32F4xx_HAL_Driver/Src/stm32f4xx_hal_pcd_ex.c.obj
 .ARM.attributes
                0x000000f2       0x34 cmake/stm32cubemx/CMakeFiles/STM32_Drivers.dir/__/__/Drivers/STM32F4xx_HAL_Driver/Src/stm32f4xx_ll_usb.c.obj
 .ARM.attributes
                0x00000126       0x34 cmake/stm32cubemx/CMakeFiles/STM32_Drivers.dir/__/__/Drivers/STM32F4xx_HAL_Driver/Src/stm32f4xx_hal_rcc.c.obj
 .ARM.attributes
                0x0000015a       0x34 cmake/stm32cubemx/CMakeFiles/STM32_Drivers.dir/__/__/Drivers/STM32F4xx_HAL_Driver/Src/stm32f4xx_hal_gpio.c.obj
 .ARM.attributes
                0x0000018e       0x34 cmake/stm32cubemx/CMakeFiles/STM32_Drivers.dir/__/__/Drivers/STM32F4xx_HAL_Driver/Src/stm32f4xx_hal_cortex.c.obj
 .ARM.attributes
                0x000001c2       0x34 cmake/stm32cubemx/CMakeFiles/STM32_Drivers.dir/__/__/Drivers/STM32F4xx_HAL_Driver/Src/stm32f4xx_hal.c.obj
 .ARM.attributes
                0x000001f6       0x34 cmake/stm32cubemx/CMakeFiles/STM32_Drivers.dir/__/__/Drivers/STM32F4xx_HAL_Driver/Src/stm32f4xx_hal_tim.c.obj
 .ARM.attributes
                0x0000022a       0x34 cmake/stm32cubemx/CMakeFiles/STM32_Drivers.dir/__/__/Drivers/STM32F4xx_HAL_Driver/Src/stm32f4xx_hal_tim_ex.c.obj
 .ARM.attributes
                0x0000025e       0x34 cmake/stm32cubemx/CMakeFiles/USB_Device_Library.dir/__/__/Middlewares/ST/STM32_USB_Device_Library/Core/Src/usbd_core.c.obj
 .ARM.attributes
                0x00000292       0x34 cmake/stm32cubemx/CMakeFiles/USB_Device_Library.dir/__/__/Middlewares/ST/STM32_USB_Device_Library/Core/Src/usbd_ctlreq.c.obj
 .ARM.attributes
                0x000002c6       0x34 cmake/stm32cubemx/CMakeFiles/USB_Device_Library.dir/__/__/Middlewares/ST/STM32_USB_Device_Library/Core/Src/usbd_ioreq.c.obj
 .ARM.attributes
                0x000002fa       0x34 cmake/stm32cubemx/CMakeFiles/USB_Device_Library.dir/__/__/Middlewares/ST/STM32_USB_Device_Library/Class/CDC/Src/usbd_cdc.c.obj
 .ARM.attributes
                0x0000032e       0x34 CMakeFiles/STM32f407vet6.dir/USB_DEVICE/Target/usbd_conf.c.obj
 .ARM.attributes