D:/GithubProject/whsw-Task1-liuzhiheng/Task1-USB虚拟串口通信/core/USB_DEVICE/App/usbd_cdc_if.c:152:15:CDC_Init_FS	8	static
D:/GithubProject/whsw-Task1-liuzhiheng/Task1-USB虚拟串口通信/core/USB_DEVICE/App/usbd_cdc_if.c:166:15:CDC_DeInit_FS	4	static
D:/GithubProject/whsw-Task1-liuzhiheng/Task1-USB虚拟串口通信/core/USB_DEVICE/App/usbd_cdc_if.c:180:15:CDC_Control_FS	16	static
D:/GithubProject/whsw-Task1-liuzhiheng/Task1-USB虚拟串口通信/core/USB_DEVICE/App/usbd_cdc_if.c:261:15:CDC_Receive_FS	16	static
D:/GithubProject/whsw-Task1-liuzhiheng/Task1-USB虚拟串口通信/core/USB_DEVICE/App/usbd_cdc_if.c:281:9:CDC_Transmit_FS	24	static
D:/GithubProject/whsw-Task1-liuzhiheng/Task1-USB虚拟串口通信/core/USB_DEVICE/App/usbd_cdc_if.c:307:15:CDC_TransmitCplt_FS	32	static
